Archive member included to satisfy reference by file (symbol)

c:/intelfpga_lite/18.0/nios2eds/bin/gnu/h-x86_64-mingw32/bin/../lib/gcc/nios2-elf/5.3.0\libgcc.a(lib2-divmod.o)
                              obj/default/I2C_core.o (__divsi3)
c:/intelfpga_lite/18.0/nios2eds/bin/gnu/h-x86_64-mingw32/bin/../lib/gcc/nios2-elf/5.3.0/../../../../../H-x86_64-mingw32/nios2-elf/lib\libc.a(lib_a-fopen.o)
                              obj/default/main.o (fopen)
c:/intelfpga_lite/18.0/nios2eds/bin/gnu/h-x86_64-mingw32/bin/../lib/gcc/nios2-elf/5.3.0/../../../../../H-x86_64-mingw32/nios2-elf/lib\libc.a(lib_a-fseek.o)
                              c:/intelfpga_lite/18.0/nios2eds/bin/gnu/h-x86_64-mingw32/bin/../lib/gcc/nios2-elf/5.3.0/../../../../../H-x86_64-mingw32/nios2-elf/lib\libc.a(lib_a-fopen.o) (_fseek_r)
c:/intelfpga_lite/18.0/nios2eds/bin/gnu/h-x86_64-mingw32/bin/../lib/gcc/nios2-elf/5.3.0/../../../../../H-x86_64-mingw32/nios2-elf/lib\libc.a(lib_a-fseeko.o)
                              c:/intelfpga_lite/18.0/nios2eds/bin/gnu/h-x86_64-mingw32/bin/../lib/gcc/nios2-elf/5.3.0/../../../../../H-x86_64-mingw32/nios2-elf/lib\libc.a(lib_a-fseek.o) (_fseeko_r)
c:/intelfpga_lite/18.0/nios2eds/bin/gnu/h-x86_64-mingw32/bin/../lib/gcc/nios2-elf/5.3.0/../../../../../H-x86_64-mingw32/nios2-elf/lib\libc.a(lib_a-fstatr.o)
                              c:/intelfpga_lite/18.0/nios2eds/bin/gnu/h-x86_64-mingw32/bin/../lib/gcc/nios2-elf/5.3.0/../../../../../H-x86_64-mingw32/nios2-elf/lib\libc.a(lib_a-fseeko.o) (_fstat_r)
c:/intelfpga_lite/18.0/nios2eds/bin/gnu/h-x86_64-mingw32/bin/../lib/gcc/nios2-elf/5.3.0/../../../../../H-x86_64-mingw32/nios2-elf/lib\libc.a(lib_a-fwrite.o)
                              obj/default/main.o (fwrite)
c:/intelfpga_lite/18.0/nios2eds/bin/gnu/h-x86_64-mingw32/bin/../lib/gcc/nios2-elf/5.3.0/../../../../../H-x86_64-mingw32/nios2-elf/lib\libc.a(lib_a-getc.o)
                              obj/default/main.o (getc)
c:/intelfpga_lite/18.0/nios2eds/bin/gnu/h-x86_64-mingw32/bin/../lib/gcc/nios2-elf/5.3.0/../../../../../H-x86_64-mingw32/nios2-elf/lib\libc.a(lib_a-impure.o)
                              obj/default/main.o (_impure_ptr)
c:/intelfpga_lite/18.0/nios2eds/bin/gnu/h-x86_64-mingw32/bin/../lib/gcc/nios2-elf/5.3.0/../../../../../H-x86_64-mingw32/nios2-elf/lib\libc.a(lib_a-int_errno.o)
                              c:/intelfpga_lite/18.0/nios2eds/bin/gnu/h-x86_64-mingw32/bin/../lib/gcc/nios2-elf/5.3.0/../../../../../H-x86_64-mingw32/nios2-elf/lib\libc.a(lib_a-fstatr.o) (errno)
c:/intelfpga_lite/18.0/nios2eds/bin/gnu/h-x86_64-mingw32/bin/../lib/gcc/nios2-elf/5.3.0/../../../../../H-x86_64-mingw32/nios2-elf/lib\libc.a(lib_a-makebuf.o)
                              c:/intelfpga_lite/18.0/nios2eds/bin/gnu/h-x86_64-mingw32/bin/../lib/gcc/nios2-elf/5.3.0/../../../../../H-x86_64-mingw32/nios2-elf/lib\libc.a(lib_a-fseeko.o) (__smakebuf_r)
c:/intelfpga_lite/18.0/nios2eds/bin/gnu/h-x86_64-mingw32/bin/../lib/gcc/nios2-elf/5.3.0/../../../../../H-x86_64-mingw32/nios2-elf/lib\libc.a(lib_a-malloc.o)
                              obj/default/queue.o (malloc)
c:/intelfpga_lite/18.0/nios2eds/bin/gnu/h-x86_64-mingw32/bin/../lib/gcc/nios2-elf/5.3.0/../../../../../H-x86_64-mingw32/nios2-elf/lib\libc.a(lib_a-mallocr.o)
                              c:/intelfpga_lite/18.0/nios2eds/bin/gnu/h-x86_64-mingw32/bin/../lib/gcc/nios2-elf/5.3.0/../../../../../H-x86_64-mingw32/nios2-elf/lib\libc.a(lib_a-makebuf.o) (_malloc_r)
c:/intelfpga_lite/18.0/nios2eds/bin/gnu/h-x86_64-mingw32/bin/../lib/gcc/nios2-elf/5.3.0/../../../../../H-x86_64-mingw32/nios2-elf/lib\libc.a(lib_a-memset.o)
                              obj/default/queue.o (memset)
c:/intelfpga_lite/18.0/nios2eds/bin/gnu/h-x86_64-mingw32/bin/../lib/gcc/nios2-elf/5.3.0/../../../../../H-x86_64-mingw32/nios2-elf/lib\libc.a(lib_a-openr.o)
                              c:/intelfpga_lite/18.0/nios2eds/bin/gnu/h-x86_64-mingw32/bin/../lib/gcc/nios2-elf/5.3.0/../../../../../H-x86_64-mingw32/nios2-elf/lib\libc.a(lib_a-fopen.o) (_open_r)
c:/intelfpga_lite/18.0/nios2eds/bin/gnu/h-x86_64-mingw32/bin/../lib/gcc/nios2-elf/5.3.0/../../../../../H-x86_64-mingw32/nios2-elf/lib\libc.a(lib_a-printf.o)
                              obj/default/auto_focus.o (printf)
c:/intelfpga_lite/18.0/nios2eds/bin/gnu/h-x86_64-mingw32/bin/../lib/gcc/nios2-elf/5.3.0/../../../../../H-x86_64-mingw32/nios2-elf/lib\libc.a(lib_a-putchar.o)
                              obj/default/main.o (putchar)
c:/intelfpga_lite/18.0/nios2eds/bin/gnu/h-x86_64-mingw32/bin/../lib/gcc/nios2-elf/5.3.0/../../../../../H-x86_64-mingw32/nios2-elf/lib\libc.a(lib_a-puts.o)
                              obj/default/I2C_core.o (puts)
c:/intelfpga_lite/18.0/nios2eds/bin/gnu/h-x86_64-mingw32/bin/../lib/gcc/nios2-elf/5.3.0/../../../../../H-x86_64-mingw32/nios2-elf/lib\libc.a(lib_a-refill.o)
[...]
Memory Configuration

Name             Origin             Length             Attributes
reset            0x0000000000020000 0x0000000000000020
onchip_memory2_0 0x0000000000020020 0x000000000001ffe0
*default*        0x0000000000000000 0xffffffffffffffff

Linker script and memory map

LOAD ../mazerunner_bsp//obj/HAL/src/crt0.o
LOAD obj/default/I2C_core.o
LOAD obj/default/auto_focus.o
LOAD obj/default/main.o
LOAD obj/default/mipi_bridge_config.o
LOAD obj/default/mipi_camera_config.o
LOAD obj/default/queue.o
LOAD c:/intelfpga_lite/18.0/nios2eds/bin/gnu/h-x86_64-mingw32/bin/../lib/gcc/nios2-elf/5.3.0/../../../../../H-x86_64-mingw32/nios2-elf/lib\libstdc++.a
LOAD c:/intelfpga_lite/18.0/nios2eds/bin/gnu/h-x86_64-mingw32/bin/../lib/gcc/nios2-elf/5.3.0/../../../../../H-x86_64-mingw32/nios2-elf/lib\libm.a
LOAD c:/intelfpga_lite/18.0/nios2eds/bin/gnu/h-x86_64-mingw32/bin/../lib/gcc/nios2-elf/5.3.0\libgcc.a
START GROUP
LOAD c:/intelfpga_lite/18.0/nios2eds/bin/gnu/h-x86_64-mingw32/bin/../lib/gcc/nios2-elf/5.3.0/../../../../../H-x86_64-mingw32/nios2-elf/lib\libc.a
LOAD c:/intelfpga_lite/18.0/nios2eds/bin/gnu/h-x86_64-mingw32/bin/../lib/gcc/nios2-elf/5.3.0\libgcc.a
LOAD ../mazerunner_bsp/\libhal_bsp.a
LOAD c:/intelfpga_lite/18.0/nios2eds/bin/gnu/h-x86_64-mingw32/bin/../lib/gcc/nios2-elf/5.3.0/../../../../../H-x86_64-mingw32/nios2-elf/lib\libm.a
END GROUP
LOAD c:/intelfpga_lite/18.0/nios2eds/bin/gnu/h-x86_64-mingw32/bin/../lib/gcc/nios2-elf/5.3.0\libgcc.a
                0x0000000000020000                __alt_mem_onchip_memory2_0 = 0x20000

.entry          0x0000000000020000       0x20
 *(.entry)
 .entry         0x0000000000020000       0x20 ../mazerunner_bsp//obj/HAL/src/crt0.o
                0x0000000000020000                __reset

.exceptions     0x0000000000020020      0x224
                0x0000000000020020                PROVIDE (__ram_exceptions_start, ABSOLUTE (.))
                0x0000000000020020                . = ALIGN (0x20)
 *(.irq)
 *(.exceptions.entry.label)
 .exceptions.entry.label
                0x0000000000020020        0x0 ../mazerunner_bsp/\libhal_bsp.a(alt_irq_entry.o)
                0x0000000000020020                alt_irq_entry
 .exceptions.entry.label
                0x0000000000020020        0x0 ../mazerunner_bsp/\libhal_bsp.a(alt_exception_entry.o)
                0x0000000000020020                alt_exception
 *(.exceptions.entry.user)
 *(.exceptions.entry.ecc_fatal)
 *(.exceptions.entry)
 .exceptions.entry
                0x0000000000020020       0x54 ../mazerunner_bsp/\libhal_bsp.a(alt_exception_entry.o)
 *(.exceptions.irqtest.user)
 *(.exceptions.irqtest)
 .exceptions.irqtest
                0x0000000000020074       0x10 ../mazerunner_bsp/\libhal_bsp.a(alt_irq_entry.o)
 *(.exceptions.irqhandler.user)
 *(.exceptions.irqhandler)
 .exceptions.irqhandler
                0x0000000000020084        0x4 ../mazerunner_bsp/\libhal_bsp.a(alt_irq_entry.o)
 *(.exceptions.irqreturn.user)
 *(.exceptions.irqreturn)
 .exceptions.irqreturn
                0x0000000000020088        0x4 ../mazerunner_bsp/\libhal_bsp.a(alt_irq_entry.o)
 *(.exceptions.notirq.label)
 .exceptions.notirq.label
                0x000000000002008c        0x0 ../mazerunner_bsp/\libhal_bsp.a(alt_irq_entry.o)
 *(.exceptions.notirq.user)
 *(.exceptions.notirq)
 .exceptions.notirq
                0x000000000002008c        0x8 ../mazerunner_bsp/\libhal_bsp.a(alt_exception_entry.o)
 *(.exceptions.soft.user)
 *(.exceptions.soft)
 *(.exceptions.unknown.user)
 *(.exceptions.unknown)
 .exceptions.unknown
                0x0000000000020094       0x14 ../mazerunner_bsp/\libhal_bsp.a(alt_exception_entry.o)
 *(.exceptions.exit.label)
 .exceptions.exit.label
                0x00000000000200a8        0x0 ../mazerunner_bsp/\libhal_bsp.a(alt_irq_entry.o)
 .exceptions.exit.label
                0x00000000000200a8        0x0 ../mazerunner_bsp/\libhal_bsp.a(alt_exception_entry.o)
 *(.exceptions.exit.user)
 *(.exceptions.exit)
 .exceptions.exit
                0x00000000000200a8       0x54 ../mazerunner_bsp/\libhal_bsp.a(alt_exception_entry.o)
 *(.exceptions)
 .exceptions    0x00000000000200fc       0xd4 ../mazerunner_bsp/\libhal_bsp.a(alt_irq_handler.o)
                0x00000000000200fc                alt_irq_handler
 .exceptions    0x00000000000201d0       0x74 ../mazerunner_bsp/\libhal_bsp.a(alt_instruction_exception_entry.o)
                0x00000000000201d0                alt_instruction_exception_entry
                0x0000000000020244                PROVIDE (__ram_exceptions_end, ABSOLUTE (.))
                0x0000000000020020                PROVIDE (__flash_exceptions_start, LOADADDR (.exceptions))

.text           0x0000000000020244    0x13090
                [!provide]                        PROVIDE (stext, ABSOLUTE (.))
 *(.interp)
 *(.hash)
 *(.dynsym)
 *(.dynstr)
 *(.gnu.version)
 *(.gnu.version_d)
 *(.gnu.version_r)
 *(.rel.init)
 *(.rela.init)
 *(.rel.text .rel.text.* .rel.gnu.linkonce.t.*)
 *(.rela.text .rela.text.* .rela.gnu.linkonce.t.*)
 *(.rel.fini)
 *(.rela.fini)
 *(.rel.rodata .rel.rodata.* .rel.gnu.linkonce.r.*)
 *(.rela.rodata .rela.rodata.* .rela.gnu.linkonce.r.*)
 *(.rel.data .rel.data.* .rel.gnu.linkonce.d.*)
 *(.rela.data .rela.data.* .rela.gnu.linkonce.d.*)
 *(.rel.tdata .rel.tdata.* .rel.gnu.linkonce.td.*)
 *(.rela.tdata .rela.tdata.* .rela.gnu.linkonce.td.*)
 *(.rel.tbss .rel.tbss.* .rel.gnu.linkonce.tb.*)
 *(.rela.tbss .rela.tbss.* .rela.gnu.linkonce.tb.*)
 *(.rel.ctors)
 *(.rela.ctors)
 *(.rel.dtors)
 *(.rela.dtors)
 *(.rel.got)
 *(.rela.got)
 *(.rel.sdata .rel.sdata.* .rel.gnu.linkonce.s.*)
 *(.rela.sdata .rela.sdata.* .rela.gnu.linkonce.s.*)
 *(.rel.sbss .rel.sbss.* .rel.gnu.linkonce.sb.*)
 *(.rela.sbss .rela.sbss.* .rela.gnu.linkonce.sb.*)
 *(.rel.sdata2 .rel.sdata2.* .rel.gnu.linkonce.s2.*)
 *(.rela.sdata2 .rela.sdata2.* .rela.gnu.linkonce.s2.*)
 *(.rel.sbss2 .rel.sbss2.* .rel.gnu.linkonce.sb2.*)
 *(.rela.sbss2 .rela.sbss2.* .rela.gnu.linkonce.sb2.*)
 *(.rel.bss .rel.bss.* .rel.gnu.linkonce.b.*)
 *(.rela.bss .rela.bss.* .rela.gnu.linkonce.b.*)
 *(.rel.plt)
 *(.rela.plt)
 *(.rel.dyn)
 *(.init)
 *(.plt)
 *(.text .stub .text.* .gnu.linkonce.t.*)
 .text          0x0000000000020244       0x4c ../mazerunner_bsp//obj/HAL/src/crt0.o
                0x0000000000020244                _start
 .text          0x0000000000020290      0xdac obj/default/I2C_core.o
                0x0000000000020290                Write32_Data
                0x00000000000202e8                Read32_Data
                0x0000000000020340                oc_i2c_init
                0x0000000000020398                oc_i2c_init_ex
                0x00000000000204d4                oc_i2c_uninit
                0x0000000000020558                ACK_single_check
                0x00000000000205e4                ACK_check
                0x0000000000020644                OC_I2C_Write
                0x0000000000020844                ACK_judge_for_read
                0x00000000000208a8                OC_I2C_Read
                0x0000000000020a74                OC_I2C_Read_Continue
                0x0000000000020bac                OC_I2CL_Write
                0x0000000000020dbc                OC_I2CL_Read
 .text          0x000000000002103c      0x398 obj/default/auto_focus.o
                0x000000000002103c                Focus_Init
                0x0000000000021164                Focus_Window
                0x0000000000021344                Focus_Released
 .text          0x00000000000213d4      0x7e0 obj/default/main.o
                0x00000000000213d4                mipi_clear_error
                0x000000000002148c                mipi_show_error_info
                0x0000000000021524                mipi_show_error_info_more
                0x000000000002169c                MIPI_Init
                0x0000000000021724                main
 .text          0x0000000000021bb4      0x260 obj/default/mipi_bridge_config.o
                0x0000000000021bb4                nSWAP16
                0x0000000000021c00                MipiBridgeRegWrite
                0x0000000000021c6c                MipiBridgeRegRead
                0x0000000000021ce4                MipiBridgeInit
 .text          0x0000000000021e14      0x8bc obj/default/mipi_camera_config.o
                0x0000000000021e14                OV8865_read_cmos_sensor_8
                0x0000000000021e78                OV8865_write_cmos_sensor_8
                0x0000000000021ee4                OV8865_write_AF
                0x0000000000021f50                OV8865_read_AF
                0x0000000000021fd0                OV8865_FOCUS_Move_to
                0x00000000000220a0                OV8865SetExposure
                0x0000000000022180                OV8865SetGain
                0x000000000002224c                OV8865ReadExposure
                0x0000000000022308                MIPI_BIN_LEVEL
                0x00000000000224c8                MipiCameraInit
 .text          0x00000000000226d0      0x2a0 obj/default/queue.o
                0x00000000000226d0                QUEUE_New
                0x0000000000022740                QUEUE_Delete
                0x0000000000022774                QUEUE_IsEmpty
                0x00000000000227b4                QUEUE_IsFull
                0x0000000000022818                QUEUE_Push
                0x00000000000228ac                QUEUE_Pop
                0x000000000002293c                QUEUE_Empty
 .text          0x0000000000022970      0x1b4 c:/intelfpga_lite/18.0/nios2eds/bin/gnu/h-x86_64-mingw32/bin/../lib/gcc/nios2-elf/5.3.0\libgcc.a(lib2-divmod.o)
                0x0000000000022970                __divsi3
                0x00000000000229f4                __modsi3
                0x0000000000022a68                __udivsi3
                0x0000000000022acc                __umodsi3
 .text          0x0000000000022b24        0x0 c:/intelfpga_lite/18.0/nios2eds/bin/gnu/h-x86_64-mingw32/bin/../lib/gcc/nios2-elf/5.3.0/../../../../../H-x86_64-mingw32/nios2-elf/lib\libc.a(lib_a-fopen.o)
 .text._fopen_r
                0x0000000000022b24       0xf4 c:/intelfpga_lite/18.0/nios2eds/bin/gnu/h-x86_64-mingw32/bin/../lib/gcc/nios2-elf/5.3.0/../../../../../H-x86_64-mingw32/nios2-elf/lib\libc.a(lib_a-fopen.o)
                0x0000000000022b24                _fopen_r
 .text.fopen    0x0000000000022c18       0x18 c:/intelfpga_lite/18.0/nios2eds/bin/gnu/h-x86_64-mingw32/bin/../lib/gcc/nios2-elf/5.3.0/../../../../../H-x86_64-mingw32/nios2-elf/lib\libc.a(lib_a-fopen.o)
                0x0000000000022c18                fopen
 .text          0x0000000000022c30        0x0 c:/intelfpga_lite/18.0/nios2eds/bin/gnu/h-x86_64-mingw32/bin/../lib/gcc/nios2-elf/5.3.0/../../../../../H-x86_64-mingw32/nios2-elf/lib\libc.a(lib_a-fseek.o)
 .text._fseek_r
                0x0000000000022c30        0x4 c:/intelfpga_lite/18.0/nios2eds/bin/gnu/h-x86_64-mingw32/bin/../lib/gcc/nios2-elf/5.3.0/../../../../../H-x86_64-mingw32/nios2-elf/lib\libc.a(lib_a-fseek.o)
                0x0000000000022c30                _fseek_r
 .text.fseek    0x0000000000022c34       0x1c c:/intelfpga_lite/18.0/nios2eds/bin/gnu/h-x86_64-mingw32/bin/../lib/gcc/nios2-elf/5.3.0/../../../../../H-x86_64-mingw32/nios2-elf/lib\libc.a(lib_a-fseek.o)
                0x0000000000022c34                fseek
 .text          0x0000000000022c50        0x0 c:/intelfpga_lite/18.0/nios2eds/bin/gnu/h-x86_64-mingw32/bin/../lib/gcc/nios2-elf/5.3.0/../../../../../H-x86_64-mingw32/nios2-elf/lib\libc.a(lib_a-fseeko.o)
 .text._fseeko_r
                0x0000000000022c50      0x444 c:/intelfpga_lite/18.0/nios2eds/bin/gnu/h-x86_64-mingw32/bin/../lib/gcc/nios2-elf/5.3.0/../../../../../H-x86_64-mingw32/nios2-elf/lib\libc.a(lib_a-fseeko.o)
                0x0000000000022c50                _fseeko_r
 .text.fseeko   0x0000000000023094       0x1c c:/intelfpga_lite/18.0/nios2eds/bin/gnu/h-x86_64-mingw32/bin/../lib/gcc/nios2-elf/5.3.0/../../../../../H-x86_64-mingw32/nios2-elf/lib\libc.a(lib_a-fseeko.o)
                0x0000000000023094                fseeko
 .text          0x00000000000230b0        0x0 c:/intelfpga_lite/18.0/nios2eds/bin/gnu/h-x86_64-mingw32/bin/../lib/gcc/nios2-elf/5.3.0/../../../../../H-x86_64-mingw32/nios2-elf/lib\libc.a(lib_a-fstatr.o)
 .text._fstat_r
                0x00000000000230b0       0x5c c:/intelfpga_lite/18.0/nios2eds/bin/gnu/h-x86_64-mingw32/bin/../lib/gcc/nios2-elf/5.3.0/../../../../../H-x86_64-mingw32/nios2-elf/lib\libc.a(lib_a-fstatr.o)
                0x00000000000230b0                _fstat_r
 .text          0x000000000002310c        0x0 c:/intelfpga_lite/18.0/nios2eds/bin/gnu/h-x86_64-mingw32/bin/../lib/gcc/nios2-elf/5.3.0/../../../../../H-x86_64-mingw32/nios2-elf/lib\libc.a(lib_a-fwrite.o)
 .text._fwrite_r
                0x000000000002310c       0xcc c:/intelfpga_lite/18.0/nios2eds/bin/gnu/h-x86_64-mingw32/bin/../lib/gcc/nios2-elf/5.3.0/../../../../../H-x86_64-mingw32/nios2-elf/lib\libc.a(lib_a-fwrite.o)
                0x000000000002310c                _fwrite_r
 .text.fwrite   0x00000000000231d8       0x34 c:/intelfpga_lite/18.0/nios2eds/bin/gnu/h-x86_64-mingw32/bin/../lib/gcc/nios2-elf/5.3.0/../../../../../H-x86_64-mingw32/nios2-elf/lib\libc.a(lib_a-fwrite.o)
                0x00000000000231d8                fwrite
 .text          0x000000000002320c        0x0 c:/intelfpga_lite/18.0/nios2eds/bin/gnu/h-x86_64-mingw32/bin/../lib/gcc/nios2-elf/5.3.0/../../../../../H-x86_64-mingw32/nios2-elf/lib\libc.a(lib_a-getc.o)
 .text._getc_r  0x000000000002320c       0x70 c:/intelfpga_lite/18.0/nios2eds/bin/gnu/h-x86_64-mingw32/bin/../lib/gcc/nios2-elf/5.3.0/../../../../../H-x86_64-mingw32/nios2-elf/lib\libc.a(lib_a-getc.o)
                0x000000000002320c                _getc_r
 .text.getc     0x000000000002327c       0x88 c:/intelfpga_lite/18.0/nios2eds/bin/gnu/h-x86_64-mingw32/bin/../lib/gcc/nios2-elf/5.3.0/../../../../../H-x86_64-mingw32/nios2-elf/lib\libc.a(lib_a-getc.o)
                0x000000000002327c                getc
 .text          0x0000000000023304        0x0 c:/intelfpga_lite/18.0/nios2eds/bin/gnu/h-x86_64-mingw32/bin/../lib/gcc/nios2-elf/5.3.0/../../../../../H-x86_64-mingw32/nios2-elf/lib\libc.a(lib_a-impure.o)
 .text          0x0000000000023304        0x0 c:/intelfpga_lite/18.0/nios2eds/bin/gnu/h-x86_64-mingw32/bin/../lib/gcc/nios2-elf/5.3.0/../../../../../H-x86_64-mingw32/nios2-elf/lib\libc.a(lib_a-int_errno.o)
 .text          0x0000000000023304        0x0 c:/intelfpga_lite/18.0/nios2eds/bin/gnu/h-x86_64-mingw32/bin/../lib/gcc/nios2-elf/5.3.0/../../../../../H-x86_64-mingw32/nios2-elf/lib\libc.a(lib_a-makebuf.o)
 .text.__smakebuf_r
                0x0000000000023304      0x1bc c:/intelfpga_lite/18.0/nios2eds/bin/gnu/h-x86_64-mingw32/bin/../lib/gcc/nios2-elf/5.3.0/../../../../../H-x86_64-mingw32/nios2-elf/lib\libc.a(lib_a-makebuf.o)
                0x0000000000023304                __smakebuf_r
 .text          0x00000000000234c0        0x0 c:/intelfpga_lite/18.0/nios2eds/bin/gnu/h-x86_64-mingw32/bin/../lib/gcc/nios2-elf/5.3.0/../../../../../H-x86_64-mingw32/nios2-elf/lib\libc.a(lib_a-malloc.o)
 .text.malloc   0x00000000000234c0       0x14 c:/intelfpga_lite/18.0/nios2eds/bin/gnu/h-x86_64-mingw32/bin/../lib/gcc/nios2-elf/5.3.0/../../../../../H-x86_64-mingw32/nios2-elf/lib\libc.a(lib_a-malloc.o)
                0x00000000000234c0                malloc
 .text.free     0x00000000000234d4       0x14 c:/intelfpga_lite/18.0/nios2eds/bin/gnu/h-x86_64-mingw32/bin/../lib/gcc/nios2-elf/5.3.0/../../../../../H-x86_64-mingw32/nios2-elf/lib\libc.a(lib_a-malloc.o)
                0x00000000000234d4                free
 .text          0x00000000000234e8        0x0 c:/intelfpga_lite/18.0/nios2eds/bin/gnu/h-x86_64-mingw32/bin/../lib/gcc/nios2-elf/5.3.0/../../../../../H-x86_64-mingw32/nios2-elf/lib\libc.a(lib_a-mallocr.o)
 .text._malloc_r
                0x00000000000234e8      0x80c c:/intelfpga_lite/18.0/nios2eds/bin/gnu/h-x86_64-mingw32/bin/../lib/gcc/nios2-elf/5.3.0/../../../../../H-x86_64-mingw32/nios2-elf/lib\libc.a(lib_a-mallocr.o)
                0x00000000000234e8                _malloc_r
 .text          0x0000000000023cf4        0x0 c:/intelfpga_lite/18.0/nios2eds/bin/gnu/h-x86_64-mingw32/bin/../lib/gcc/nios2-elf/5.3.0/../../../../../H-x86_64-mingw32/nios2-elf/lib\libc.a(lib_a-memset.o)
 .text.memset   0x0000000000023cf4      0x128 c:/intelfpga_lite/18.0/nios2eds/bin/gnu/h-x86_64-mingw32/bin/../lib/gcc/nios2-elf/5.3.0/../../../../../H-x86_64-mingw32/nios2-elf/lib\libc.a(lib_a-memset.o)
                0x0000000000023cf4                memset
 .text          0x0000000000023e1c        0x0 c:/intelfpga_lite/18.0/nios2eds/bin/gnu/h-x86_64-mingw32/bin/../lib/gcc/nios2-elf/5.3.0/../../../../../H-x86_64-mingw32/nios2-elf/lib\libc.a(lib_a-openr.o)
 .text._open_r  0x0000000000023e1c       0x60 c:/intelfpga_lite/18.0/nios2eds/bin/gnu/h-x86_64-mingw32/bin/../lib/gcc/nios2-elf/5.3.0/../../../../../H-x86_64-mingw32/nios2-elf/lib\libc.a(lib_a-openr.o)
                0x0000000000023e1c                _open_r
 .text          0x0000000000023e7c        0x0 c:/intelfpga_lite/18.0/nios2eds/bin/gnu/h-x86_64-mingw32/bin/../lib/gcc/nios2-elf/5.3.0/../../../../../H-x86_64-mingw32/nios2-elf/lib\libc.a(lib_a-printf.o)
 .text._printf_r
                0x0000000000023e7c       0x30 c:/intelfpga_lite/18.0/nios2eds/bin/gnu/h-x86_64-mingw32/bin/../lib/gcc/nios2-elf/5.3.0/../../../../../H-x86_64-mingw32/nios2-elf/lib\libc.a(lib_a-printf.o)
                0x0000000000023e7c                _printf_r
 .text.printf   0x0000000000023eac       0x3c c:/intelfpga_lite/18.0/nios2eds/bin/gnu/h-x86_64-mingw32/bin/../lib/gcc/nios2-elf/5.3.0/../../../../../H-x86_64-mingw32/nios2-elf/lib\libc.a(lib_a-printf.o)
                0x0000000000023eac                printf
 .text          0x0000000000023ee8        0x0 c:/intelfpga_lite/18.0/nios2eds/bin/gnu/h-x86_64-mingw32/bin/../lib/gcc/nios2-elf/5.3.0/../../../../../H-x86_64-mingw32/nios2-elf/lib\libc.a(lib_a-putchar.o)
 .text._putchar_r
                0x0000000000023ee8        0x8 c:/intelfpga_lite/18.0/nios2eds/bin/gnu/h-x86_64-mingw32/bin/../lib/gcc/nios2-elf/5.3.0/../../../../../H-x86_64-mingw32/nios2-elf/lib\libc.a(lib_a-putchar.o)
                0x0000000000023ee8                _putchar_r
 .text.putchar  0x0000000000023ef0       0x18 c:/intelfpga_lite/18.0/nios2eds/bin/gnu/h-x86_64-mingw32/bin/../lib/gcc/nios2-elf/5.3.0/../../../../../H-x86_64-mingw32/nios2-elf/lib\libc.a(lib_a-putchar.o)
                0x0000000000023ef0                putchar
 .text          0x0000000000023f08        0x0 c:/intelfpga_lite/18.0/nios2eds/bin/gnu/h-x86_64-mingw32/bin/../lib/gcc/nios2-elf/5.3.0/../../../../../H-x86_64-mingw32/nios2-elf/lib\libc.a(lib_a-puts.o)
 .text._puts_r  0x0000000000023f08       0xc0 c:/intelfpga_lite/18.0/nios2eds/bin/gnu/h-x86_64-mingw32/bin/../lib/gcc/nios2-elf/5.3.0/../../../../../H-x86_64-mingw32/nios2-elf/lib\libc.a(lib_a-puts.o)
                0x0000000000023f08                _puts_r
 .text.puts     0x0000000000023fc8       0x14 c:/intelfpga_lite/18.0/nios2eds/bin/gnu/h-x86_64-mingw32/bin/../lib/gcc/nios2-elf/5.3.0/../../../../../H-x86_64-mingw32/nios2-elf/lib\libc.a(lib_a-puts.o)
                0x0000000000023fc8                puts
 .text          0x0000000000023fdc        0x0 c:/intelfpga_lite/18.0/nios2eds/bin/gnu/h-x86_64-mingw32/bin/../lib/gcc/nios2-elf/5.3.0/../../../../../H-x86_64-mingw32/nios2-elf/lib\libc.a(lib_a-refill.o)
 .text.lflush   0x0000000000023fdc       0x1c c:/intelfpga_lite/18.0/nios2eds/bin/gnu/h-x86_64-mingw32/bin/../lib/gcc/nios2-elf/5.3.0/../../../../../H-x86_64-mingw32/nios2-elf/lib\libc.a(lib_a-refill.o)
 .text.__srefill_r
                0x0000000000023ff8      0x1d4 c:/intelfpga_lite/18.0/nios2eds/bin/gnu/h-x86_64-mingw32/bin/../lib/gcc/nios2-elf/5.3.0/../../../../../H-x86_64-mingw32/nios2-elf/lib\libc.a(lib_a-refill.o)
                0x0000000000023ff8                __srefill_r
 .text          0x00000000000241cc        0x0 c:/intelfpga_lite/18.0/nios2eds/bin/gnu/h-x86_64-mingw32/bin/../lib/gcc/nios2-elf/5.3.0/../../../../../H-x86_64-mingw32/nios2-elf/lib\libc.a(lib_a-rget.o)
 .text.__srget_r
                0x00000000000241cc       0x74 c:/intelfpga_lite/18.0/nios2eds/bin/gnu/h-x86_64-mingw32/bin/../lib/gcc/nios2-elf/5.3.0/../../../../../H-x86_64-mingw32/nios2-elf/lib\libc.a(lib_a-rget.o)
                0x00000000000241cc                __srget_r
 .text.__srget  0x0000000000024240       0x14 c:/intelfpga_lite/18.0/nios2eds/bin/gnu/h-x86_64-mingw32/bin/../lib/gcc/nios2-elf/5.3.0/../../../../../H-x86_64-mingw32/nios2-elf/lib\libc.a(lib_a-rget.o)
                0x0000000000024240                __srget
 .text          0x0000000000024254        0x0 c:/intelfpga_lite/18.0/nios2eds/bin/gnu/h-x86_64-mingw32/bin/../lib/gcc/nios2-elf/5.3.0/../../../../../H-x86_64-mingw32/nios2-elf/lib\libc.a(lib_a-sbrkr.o)
 .text._sbrk_r  0x0000000000024254       0x54 c:/intelfpga_lite/18.0/nios2eds/bin/gnu/h-x86_64-mingw32/bin/../lib/gcc/nios2-elf/5.3.0/../../../../../H-x86_64-mingw32/nios2-elf/lib\libc.a(lib_a-sbrkr.o)
                0x0000000000024254                _sbrk_r
 .text          0x00000000000242a8        0x0 c:/intelfpga_lite/18.0/nios2eds/bin/gnu/h-x86_64-mingw32/bin/../lib/gcc/nios2-elf/5.3.0/../../../../../H-x86_64-mingw32/nios2-elf/lib\libc.a(lib_a-stdio.o)
 .text.__sread  0x00000000000242a8       0x54 c:/intelfpga_lite/18.0/nios2eds/bin/gnu/h-x86_64-mingw32/bin/../lib/gcc/nios2-elf/5.3.0/../../../../../H-x86_64-mingw32/nios2-elf/lib\libc.a(lib_a-stdio.o)
                0x00000000000242a8                __sread
 .text.__seofread
                0x00000000000242fc        0x8 c:/intelfpga_lite/18.0/nios2eds/bin/gnu/h-x86_64-mingw32/bin/../lib/gcc/nios2-elf/5.3.0/../../../../../H-x86_64-mingw32/nios2-elf/lib\libc.a(lib_a-stdio.o)
                0x00000000000242fc                __seofread
 .text.__swrite
                0x0000000000024304       0x7c c:/intelfpga_lite/18.0/nios2eds/bin/gnu/h-x86_64-mingw32/bin/../lib/gcc/nios2-elf/5.3.0/../../../../../H-x86_64-mingw32/nios2-elf/lib\libc.a(lib_a-stdio.o)
                0x0000000000024304                __swrite
 .text.__sseek  0x0000000000024380       0x5c c:/intelfpga_lite/18.0/nios2eds/bin/gnu/h-x86_64-mingw32/bin/../lib/gcc/nios2-elf/5.3.0/../../../../../H-x86_64-mingw32/nios2-elf/lib\libc.a(lib_a-stdio.o)
                0x0000000000024380                __sseek
 .text.__sclose
                0x00000000000243dc        0x8 c:/intelfpga_lite/18.0/nios2eds/bin/gnu/h-x86_64-mingw32/bin/../lib/gcc/nios2-elf/5.3.0/../../../../../H-x86_64-mingw32/nios2-elf/lib\libc.a(lib_a-stdio.o)
                0x00000000000243dc                __sclose
 .text          0x00000000000243e4        0x0 c:/intelfpga_lite/18.0/nios2eds/bin/gnu/h-x86_64-mingw32/bin/../lib/gcc/nios2-elf/5.3.0/../../../../../H-x86_64-mingw32/nios2-elf/lib\libc.a(lib_a-strlen.o)
 .text.strlen   0x00000000000243e4       0x98 c:/intelfpga_lite/18.0/nios2eds/bin/gnu/h-x86_64-mingw32/bin/../lib/gcc/nios2-elf/5.3.0/../../../../../H-x86_64-mingw32/nios2-elf/lib\libc.a(lib_a-strlen.o)
                0x00000000000243e4                strlen
 .text          0x000000000002447c        0x0 c:/intelfpga_lite/18.0/nios2eds/bin/gnu/h-x86_64-mingw32/bin/../lib/gcc/nios2-elf/5.3.0/../../../../../H-x86_64-mingw32/nios2-elf/lib\libc.a(lib_a-vfprintf.o)
 .text.___vfprintf_internal_r
                0x000000000002447c     0x21f8 c:/intelfpga_lite/18.0/nios2eds/bin/gnu/h-x86_64-mingw32/bin/../lib/gcc/nios2-elf/5.3.0/../../../../../H-x86_64-mingw32/nios2-elf/lib\libc.a(lib_a-vfprintf.o)
                0x000000000002447c                ___vfprintf_internal_r
 .text.__vfprintf_internal
                0x0000000000026674       0x1c c:/intelfpga_lite/18.0/nios2eds/bin/gnu/h-x86_64-mingw32/bin/../lib/gcc/nios2-elf/5.3.0/../../../../../H-x86_64-mingw32/nios2-elf/lib\libc.a(lib_a-vfprintf.o)
                0x0000000000026674                __vfprintf_internal
 .text.__sbprintf
                0x0000000000026690       0xbc c:/intelfpga_lite/18.0/nios2eds/bin/gnu/h-x86_64-mingw32/bin/../lib/gcc/nios2-elf/5.3.0/../../../../../H-x86_64-mingw32/nios2-elf/lib\libc.a(lib_a-vfprintf.o)
 .text          0x000000000002674c        0x0 c:/intelfpga_lite/18.0/nios2eds/bin/gnu/h-x86_64-mingw32/bin/../lib/gcc/nios2-elf/5.3.0/../../../../../H-x86_64-mingw32/nios2-elf/lib\libc.a(lib_a-writer.o)
 .text._write_r
                0x000000000002674c       0x60 c:/intelfpga_lite/18.0/nios2eds/bin/gnu/h-x86_64-mingw32/bin/../lib/gcc/nios2-elf/5.3.0/../../../../../H-x86_64-mingw32/nios2-elf/lib\libc.a(lib_a-writer.o)
                0x000000000002674c                _write_r
 .text          0x00000000000267ac        0x0 c:/intelfpga_lite/18.0/nios2eds/bin/gnu/h-x86_64-mingw32/bin/../lib/gcc/nios2-elf/5.3.0/../../../../../H-x86_64-mingw32/nios2-elf/lib\libc.a(lib_a-wsetup.o)
 .text.__swsetup_r
                0x00000000000267ac      0x154 c:/intelfpga_lite/18.0/nios2eds/bin/gnu/h-x86_64-mingw32/bin/../lib/gcc/nios2-elf/5.3.0/../../../../../H-x86_64-mingw32/nios2-elf/lib\libc.a(lib_a-wsetup.o)
                0x00000000000267ac                __swsetup_r
 .text          0x0000000000026900        0x0 c:/intelfpga_lite/18.0/nios2eds/bin/gnu/h-x86_64-mingw32/bin/../lib/gcc/nios2-elf/5.3.0/../../../../../H-x86_64-mingw32/nios2-elf/lib\libc.a(closer.o)
 .text._close_r
                0x0000000000026900       0x54 c:/intelfpga_lite/18.0/nios2eds/bin/gnu/h-x86_64-mingw32/bin/../lib/gcc/nios2-elf/5.3.0/../../../../../H-x86_64-mingw32/nios2-elf/lib\libc.a(closer.o)
                0x0000000000026900                _close_r
 .text          0x0000000000026954        0x0 c:/intelfpga_lite/18.0/nios2eds/bin/gnu/h-x86_64-mingw32/bin/../lib/gcc/nios2-elf/5.3.0/../../../../../H-x86_64-mingw32/nios2-elf/lib\libc.a(lib_a-dtoa.o)
 .text.quorem   0x0000000000026954      0x200 c:/intelfpga_lite/18.0/nios2eds/bin/gnu/h-x86_64-mingw32/bin/../lib/gcc/nios2-elf/5.3.0/../../../../../H-x86_64-mingw32/nios2-elf/lib\libc.a(lib_a-dtoa.o)
 .text._dtoa_r  0x0000000000026b54     0x1688 c:/intelfpga_lite/18.0/nios2eds/bin/gnu/h-x86_64-mingw32/bin/../lib/gcc/nios2-elf/5.3.0/../../../../../H-x86_64-mingw32/nios2-elf/lib\libc.a(lib_a-dtoa.o)
                0x0000000000026b54                _dtoa_r
 .text          0x00000000000281dc        0x0 c:/intelfpga_lite/18.0/nios2eds/bin/gnu/h-x86_64-mingw32/bin/../lib/gcc/nios2-elf/5.3.0/../../../../../H-x86_64-mingw32/nios2-elf/lib\libc.a(lib_a-fflush.o)
 .text.__sflush_r
                0x00000000000281dc      0x21c c:/intelfpga_lite/18.0/nios2eds/bin/gnu/h-x86_64-mingw32/bin/../lib/gcc/nios2-elf/5.3.0/../../../../../H-x86_64-mingw32/nios2-elf/lib\libc.a(lib_a-fflush.o)
                0x00000000000281dc                __sflush_r
 .text._fflush_r
                0x00000000000283f8       0x5c c:/intelfpga_lite/18.0/nios2eds/bin/gnu/h-x86_64-mingw32/bin/../lib/gcc/nios2-elf/5.3.0/../../../../../H-x86_64-mingw32/nios2-elf/lib\libc.a(lib_a-fflush.o)
                0x00000000000283f8                _fflush_r
 .text.fflush   0x0000000000028454       0x30 c:/intelfpga_lite/18.0/nios2eds/bin/gnu/h-x86_64-mingw32/bin/../lib/gcc/nios2-elf/5.3.0/../../../../../H-x86_64-mingw32/nios2-elf/lib\libc.a(lib_a-fflush.o)
                0x0000000000028454                fflush
 .text          0x0000000000028484        0x0 c:/intelfpga_lite/18.0/nios2eds/bin/gnu/h-x86_64-mingw32/bin/../lib/gcc/nios2-elf/5.3.0/../../../../../H-x86_64-mingw32/nios2-elf/lib\libc.a(lib_a-findfp.o)
 .text.__fp_unlock
                0x0000000000028484        0x8 c:/intelfpga_lite/18.0/nios2eds/bin/gnu/h-x86_64-mingw32/bin/../lib/gcc/nios2-elf/5.3.0/../../../../../H-x86_64-mingw32/nios2-elf/lib\libc.a(lib_a-findfp.o)
 .text._cleanup_r
                0x000000000002848c        0xc c:/intelfpga_lite/18.0/nios2eds/bin/gnu/h-x86_64-mingw32/bin/../lib/gcc/nios2-elf/5.3.0/../../../../../H-x86_64-mingw32/nios2-elf/lib\libc.a(lib_a-findfp.o)
                0x000000000002848c                _cleanup_r
 .text.__sinit.part.1
                0x0000000000028498      0x19c c:/intelfpga_lite/18.0/nios2eds/bin/gnu/h-x86_64-mingw32/bin/../lib/gcc/nios2-elf/5.3.0/../../../../../H-x86_64-mingw32/nios2-elf/lib\libc.a(lib_a-findfp.o)
 .text.__fp_lock
                0x0000000000028634        0x8 c:/intelfpga_lite/18.0/nios2eds/bin/gnu/h-x86_64-mingw32/bin/../lib/gcc/nios2-elf/5.3.0/../../../../../H-x86_64-mingw32/nios2-elf/lib\libc.a(lib_a-findfp.o)
 .text.__sfmoreglue
                0x000000000002863c       0x68 c:/intelfpga_lite/18.0/nios2eds/bin/gnu/h-x86_64-mingw32/bin/../lib/gcc/nios2-elf/5.3.0/../../../../../H-x86_64-mingw32/nios2-elf/lib\libc.a(lib_a-findfp.o)
                0x000000000002863c                __sfmoreglue
 .text.__sfp    0x00000000000286a4      0x118 c:/intelfpga_lite/18.0/nios2eds/bin/gnu/h-x86_64-mingw32/bin/../lib/gcc/nios2-elf/5.3.0/../../../../../H-x86_64-mingw32/nios2-elf/lib\libc.a(lib_a-findfp.o)
                0x00000000000286a4                __sfp
 .text._cleanup
                0x00000000000287bc       0x18 c:/intelfpga_lite/18.0/nios2eds/bin/gnu/h-x86_64-mingw32/bin/../lib/gcc/nios2-elf/5.3.0/../../../../../H-x86_64-mingw32/nios2-elf/lib\libc.a(lib_a-findfp.o)
                0x00000000000287bc                _cleanup
 .text.__sinit  0x00000000000287d4       0x10 c:/intelfpga_lite/18.0/nios2eds/bin/gnu/h-x86_64-mingw32/bin/../lib/gcc/nios2-elf/5.3.0/../../../../../H-x86_64-mingw32/nios2-elf/lib\libc.a(lib_a-findfp.o)
                0x00000000000287d4                __sinit
 .text.__sfp_lock_acquire
                0x00000000000287e4        0x4 c:/intelfpga_lite/18.0/nios2eds/bin/gnu/h-x86_64-mingw32/bin/../lib/gcc/nios2-elf/5.3.0/../../../../../H-x86_64-mingw32/nios2-elf/lib\libc.a(lib_a-findfp.o)
                0x00000000000287e4                __sfp_lock_acquire
 .text.__sfp_lock_release
                0x00000000000287e8        0x4 c:/intelfpga_lite/18.0/nios2eds/bin/gnu/h-x86_64-mingw32/bin/../lib/gcc/nios2-elf/5.3.0/../../../../../H-x86_64-mingw32/nios2-elf/lib\libc.a(lib_a-findfp.o)
                0x00000000000287e8                __sfp_lock_release
 .text.__sinit_lock_acquire
                0x00000000000287ec        0x4 c:/intelfpga_lite/18.0/nios2eds/bin/gnu/h-x86_64-mingw32/bin/../lib/gcc/nios2-elf/5.3.0/../../../../../H-x86_64-mingw32/nios2-elf/lib\libc.a(lib_a-findfp.o)
                0x00000000000287ec                __sinit_lock_acquire
 .text.__sinit_lock_release
                0x00000000000287f0        0x4 c:/intelfpga_lite/18.0/nios2eds/bin/gnu/h-x86_64-mingw32/bin/../lib/gcc/nios2-elf/5.3.0/../../../../../H-x86_64-mingw32/nios2-elf/lib\libc.a(lib_a-findfp.o)
                0x00000000000287f0                __sinit_lock_release
 .text.__fp_lock_all
                0x00000000000287f4       0x18 c:/intelfpga_lite/18.0/nios2eds/bin/gnu/h-x86_64-mingw32/bin/../lib/gcc/nios2-elf/5.3.0/../../../../../H-x86_64-mingw32/nios2-elf/lib\libc.a(lib_a-findfp.o)
                0x00000000000287f4                __fp_lock_all
 .text.__fp_unlock_all
                0x000000000002880c       0x18 c:/intelfpga_lite/18.0/nios2eds/bin/gnu/h-x86_64-mingw32/bin/../lib/gcc/nios2-elf/5.3.0/../../../../../H-x86_64-mingw32/nios2-elf/lib\libc.a(lib_a-findfp.o)
                0x000000000002880c                __fp_unlock_all
 .text          0x0000000000028824        0x0 c:/intelfpga_lite/18.0/nios2eds/bin/gnu/h-x86_64-mingw32/bin/../lib/gcc/nios2-elf/5.3.0/../../../../../H-x86_64-mingw32/nios2-elf/lib\libc.a(lib_a-flags.o)
 .text.__sflags
                0x0000000000028824       0xac c:/intelfpga_lite/18.0/nios2eds/bin/gnu/h-x86_64-mingw32/bin/../lib/gcc/nios2-elf/5.3.0/../../../../../H-x86_64-mingw32/nios2-elf/lib\libc.a(lib_a-flags.o)
                0x0000000000028824                __sflags
 .text          0x00000000000288d0        0x0 c:/intelfpga_lite/18.0/nios2eds/bin/gnu/h-x86_64-mingw32/bin/../lib/gcc/nios2-elf/5.3.0/../../../../../H-x86_64-mingw32/nios2-elf/lib\libc.a(lib_a-freer.o)
 .text._malloc_trim_r
                0x00000000000288d0      0x124 c:/intelfpga_lite/18.0/nios2eds/bin/gnu/h-x86_64-mingw32/bin/../lib/gcc/nios2-elf/5.3.0/../../../../../H-x86_64-mingw32/nios2-elf/lib\libc.a(lib_a-freer.o)
                0x00000000000288d0                _malloc_trim_r
 .text._free_r  0x00000000000289f4      0x310 c:/intelfpga_lite/18.0/nios2eds/bin/gnu/h-x86_64-mingw32/bin/../lib/gcc/nios2-elf/5.3.0/../../../../../H-x86_64-mingw32/nios2-elf/lib\libc.a(lib_a-freer.o)
                0x00000000000289f4                _free_r
 .text          0x0000000000028d04        0x0 c:/intelfpga_lite/18.0/nios2eds/bin/gnu/h-x86_64-mingw32/bin/../lib/gcc/nios2-elf/5.3.0/../../../../../H-x86_64-mingw32/nios2-elf/lib\libc.a(lib_a-fvwrite.o)
 .text.__sfvwrite_r
                0x0000000000028d04      0x4bc c:/intelfpga_lite/18.0/nios2eds/bin/gnu/h-x86_64-mingw32/bin/../lib/gcc/nios2-elf/5.3.0/../../../../../H-x86_64-mingw32/nios2-elf/lib\libc.a(lib_a-fvwrite.o)
                0x0000000000028d04                __sfvwrite_r
 .text          0x00000000000291c0        0x0 c:/intelfpga_lite/18.0/nios2eds/bin/gnu/h-x86_64-mingw32/bin/../lib/gcc/nios2-elf/5.3.0/../../../../../H-x86_64-mingw32/nios2-elf/lib\libc.a(lib_a-fwalk.o)
 .text._fwalk   0x00000000000291c0       0xc4 c:/intelfpga_lite/18.0/nios2eds/bin/gnu/h-x86_64-mingw32/bin/../lib/gcc/nios2-elf/5.3.0/../../../../../H-x86_64-mingw32/nios2-elf/lib\libc.a(lib_a-fwalk.o)
                0x00000000000291c0                _fwalk
 .text._fwalk_reent
                0x0000000000029284       0xc4 c:/intelfpga_lite/18.0/nios2eds/bin/gnu/h-x86_64-mingw32/bin/../lib/gcc/nios2-elf/5.3.0/../../../../../H-x86_64-mingw32/nios2-elf/lib\libc.a(lib_a-fwalk.o)
                0x0000000000029284                _fwalk_reent
 .text          0x0000000000029348        0x0 c:/intelfpga_lite/18.0/nios2eds/bin/gnu/h-x86_64-mingw32/bin/../lib/gcc/nios2-elf/5.3.0/../../../../../H-x86_64-mingw32/nios2-elf/lib\libc.a(lib_a-isattyr.o)
 .text._isatty_r
                0x0000000000029348       0x54 c:/intelfpga_lite/18.0/nios2eds/bin/gnu/h-x86_64-mingw32/bin/../lib/gcc/nios2-elf/5.3.0/../../../../../H-x86_64-mingw32/nios2-elf/lib\libc.a(lib_a-isattyr.o)
                0x0000000000029348                _isatty_r
 .text          0x000000000002939c        0x0 c:/intelfpga_lite/18.0/nios2eds/bin/gnu/h-x86_64-mingw32/bin/../lib/gcc/nios2-elf/5.3.0/../../../../../H-x86_64-mingw32/nios2-elf/lib\libc.a(lib_a-locale.o)
 .text._setlocale_r
                0x000000000002939c       0x7c c:/intelfpga_lite/18.0/nios2eds/bin/gnu/h-x86_64-mingw32/bin/../lib/gcc/nios2-elf/5.3.0/../../../../../H-x86_64-mingw32/nios2-elf/lib\libc.a(lib_a-locale.o)
                0x000000000002939c                _setlocale_r
 .text.__locale_charset
                0x0000000000029418        0xc c:/intelfpga_lite/18.0/nios2eds/bin/gnu/h-x86_64-mingw32/bin/../lib/gcc/nios2-elf/5.3.0/../../../../../H-x86_64-mingw32/nios2-elf/lib\libc.a(lib_a-locale.o)
                0x0000000000029418                __locale_charset
 .text.__locale_mb_cur_max
                0x0000000000029424       0x10 c:/intelfpga_lite/18.0/nios2eds/bin/gnu/h-x86_64-mingw32/bin/../lib/gcc/nios2-elf/5.3.0/../../../../../H-x86_64-mingw32/nios2-elf/lib\libc.a(lib_a-locale.o)
                0x0000000000029424                __locale_mb_cur_max
 .text.__locale_msgcharset
                0x0000000000029434        0xc c:/intelfpga_lite/18.0/nios2eds/bin/gnu/h-x86_64-mingw32/bin/../lib/gcc/nios2-elf/5.3.0/../../../../../H-x86_64-mingw32/nios2-elf/lib\libc.a(lib_a-locale.o)
                0x0000000000029434                __locale_msgcharset
 .text.__locale_cjk_lang
                0x0000000000029440        0x8 c:/intelfpga_lite/18.0/nios2eds/bin/gnu/h-x86_64-mingw32/bin/../lib/gcc/nios2-elf/5.3.0/../../../../../H-x86_64-mingw32/nios2-elf/lib\libc.a(lib_a-locale.o)
                0x0000000000029440                __locale_cjk_lang
 .text._localeconv_r
                0x0000000000029448        0xc c:/intelfpga_lite/18.0/nios2eds/bin/gnu/h-x86_64-mingw32/bin/../lib/gcc/nios2-elf/5.3.0/../../../../../H-x86_64-mingw32/nios2-elf/lib\libc.a(lib_a-locale.o)
                0x0000000000029448                _localeconv_r
 .text.setlocale
                0x0000000000029454       0x18 c:/intelfpga_lite/18.0/nios2eds/bin/gnu/h-x86_64-mingw32/bin/../lib/gcc/nios2-elf/5.3.0/../../../../../H-x86_64-mingw32/nios2-elf/lib\libc.a(lib_a-locale.o)
                0x0000000000029454                setlocale
 .text.localeconv
                0x000000000002946c        0xc c:/intelfpga_lite/18.0/nios2eds/bin/gnu/h-x86_64-mingw32/bin/../lib/gcc/nios2-elf/5.3.0/../../../../../H-x86_64-mingw32/nios2-elf/lib\libc.a(lib_a-locale.o)
                0x000000000002946c                localeconv
 .text          0x0000000000029478        0x0 c:/intelfpga_lite/18.0/nios2eds/bin/gnu/h-x86_64-mingw32/bin/../lib/gcc/nios2-elf/5.3.0/../../../../../H-x86_64-mingw32/nios2-elf/lib\libc.a(lib_a-lseekr.o)
 .text._lseek_r
                0x0000000000029478       0x60 c:/intelfpga_lite/18.0/nios2eds/bin/gnu/h-x86_64-mingw32/bin/../lib/gcc/nios2-elf/5.3.0/../../../../../H-x86_64-mingw32/nios2-elf/lib\libc.a(lib_a-lseekr.o)
                0x0000000000029478                _lseek_r
 .text          0x00000000000294d8        0x0 c:/intelfpga_lite/18.0/nios2eds/bin/gnu/h-x86_64-mingw32/bin/../lib/gcc/nios2-elf/5.3.0/../../../../../H-x86_64-mingw32/nios2-elf/lib\libc.a(lib_a-memchr.o)
 .text.memchr   0x00000000000294d8       0xe4 c:/intelfpga_lite/18.0/nios2eds/bin/gnu/h-x86_64-mingw32/bin/../lib/gcc/nios2-elf/5.3.0/../../../../../H-x86_64-mingw32/nios2-elf/lib\libc.a(lib_a-memchr.o)
                0x00000000000294d8                memchr
 .text          0x00000000000295bc        0x0 c:/intelfpga_lite/18.0/nios2eds/bin/gnu/h-x86_64-mingw32/bin/../lib/gcc/nios2-elf/5.3.0/../../../../../H-x86_64-mingw32/nios2-elf/lib\libc.a(lib_a-memcpy.o)
 .text.memcpy   0x00000000000295bc      0x148 c:/intelfpga_lite/18.0/nios2eds/bin/gnu/h-x86_64-mingw32/bin/../lib/gcc/nios2-elf/5.3.0/../../../../../H-x86_64-mingw32/nios2-elf/lib\libc.a(lib_a-memcpy.o)
                0x00000000000295bc                memcpy
 .text          0x0000000000029704        0x0 c:/intelfpga_lite/18.0/nios2eds/bin/gnu/h-x86_64-mingw32/bin/../lib/gcc/nios2-elf/5.3.0/../../../../../H-x86_64-mingw32/nios2-elf/lib\libc.a(lib_a-memmove.o)
 .text.memmove  0x0000000000029704      0x15c c:/intelfpga_lite/18.0/nios2eds/bin/gnu/h-x86_64-mingw32/bin/../lib/gcc/nios2-elf/5.3.0/../../../../../H-x86_64-mingw32/nios2-elf/lib\libc.a(lib_a-memmove.o)
                0x0000000000029704                memmove
 .text          0x0000000000029860        0x0 c:/intelfpga_lite/18.0/nios2eds/bin/gnu/h-x86_64-mingw32/bin/../lib/gcc/nios2-elf/5.3.0/../../../../../H-x86_64-mingw32/nios2-elf/lib\libc.a(lib_a-mprec.o)
 .text._Balloc  0x0000000000029860       0xa8 c:/intelfpga_lite/18.0/nios2eds/bin/gnu/h-x86_64-mingw32/bin/../lib/gcc/nios2-elf/5.3.0/../../../../../H-x86_64-mingw32/nios2-elf/lib\libc.a(lib_a-mprec.o)
                0x0000000000029860                _Balloc
 .text._Bfree   0x0000000000029908       0x28 c:/intelfpga_lite/18.0/nios2eds/bin/gnu/h-x86_64-mingw32/bin/../lib/gcc/nios2-elf/5.3.0/../../../../../H-x86_64-mingw32/nios2-elf/lib\libc.a(lib_a-mprec.o)
                0x0000000000029908                _Bfree
 .text.__multadd
                0x0000000000029930      0x120 c:/intelfpga_lite/18.0/nios2eds/bin/gnu/h-x86_64-mingw32/bin/../lib/gcc/nios2-elf/5.3.0/../../../../../H-x86_64-mingw32/nios2-elf/lib\libc.a(lib_a-mprec.o)
                0x0000000000029930                __multadd
 .text.__s2b    0x0000000000029a50      0x104 c:/intelfpga_lite/18.0/nios2eds/bin/gnu/h-x86_64-mingw32/bin/../lib/gcc/nios2-elf/5.3.0/../../../../../H-x86_64-mingw32/nios2-elf/lib\libc.a(lib_a-mprec.o)
                0x0000000000029a50                __s2b
 .text.__hi0bits
                0x0000000000029b54       0x68 c:/intelfpga_lite/18.0/nios2eds/bin/gnu/h-x86_64-mingw32/bin/../lib/gcc/nios2-elf/5.3.0/../../../../../H-x86_64-mingw32/nios2-elf/lib\libc.a(lib_a-mprec.o)
                0x0000000000029b54                __hi0bits
 .text.__lo0bits
                0x0000000000029bbc       0xb0 c:/intelfpga_lite/18.0/nios2eds/bin/gnu/h-x86_64-mingw32/bin/../lib/gcc/nios2-elf/5.3.0/../../../../../H-x86_64-mingw32/nios2-elf/lib\libc.a(lib_a-mprec.o)
                0x0000000000029bbc                __lo0bits
 .text.__i2b    0x0000000000029c6c       0x3c c:/intelfpga_lite/18.0/nios2eds/bin/gnu/h-x86_64-mingw32/bin/../lib/gcc/nios2-elf/5.3.0/../../../../../H-x86_64-mingw32/nios2-elf/lib\libc.a(lib_a-mprec.o)
                0x0000000000029c6c                __i2b
 .text.__multiply
                0x0000000000029ca8      0x1f8 c:/intelfpga_lite/18.0/nios2eds/bin/gnu/h-x86_64-mingw32/bin/../lib/gcc/nios2-elf/5.3.0/../../../../../H-x86_64-mingw32/nios2-elf/lib\libc.a(lib_a-mprec.o)
                0x0000000000029ca8                __multiply
 .text.__pow5mult
                0x0000000000029ea0      0x140 c:/intelfpga_lite/18.0/nios2eds/bin/gnu/h-x86_64-mingw32/bin/../lib/gcc/nios2-elf/5.3.0/../../../../../H-x86_64-mingw32/nios2-elf/lib\libc.a(lib_a-mprec.o)
                0x0000000000029ea0                __pow5mult
 .text.__lshift
                0x0000000000029fe0      0x148 c:/intelfpga_lite/18.0/nios2eds/bin/gnu/h-x86_64-mingw32/bin/../lib/gcc/nios2-elf/5.3.0/../../../../../H-x86_64-mingw32/nios2-elf/lib\libc.a(lib_a-mprec.o)
                0x0000000000029fe0                __lshift
 .text.__mcmp   0x000000000002a128       0x60 c:/intelfpga_lite/18.0/nios2eds/bin/gnu/h-x86_64-mingw32/bin/../lib/gcc/nios2-elf/5.3.0/../../../../../H-x86_64-mingw32/nios2-elf/lib\libc.a(lib_a-mprec.o)
                0x000000000002a128                __mcmp
 .text.__mdiff  0x000000000002a188      0x1fc c:/intelfpga_lite/18.0/nios2eds/bin/gnu/h-x86_64-mingw32/bin/../lib/gcc/nios2-elf/5.3.0/../../../../../H-x86_64-mingw32/nios2-elf/lib\libc.a(lib_a-mprec.o)
                0x000000000002a188                __mdiff
 .text.__ulp    0x000000000002a384       0x64 c:/intelfpga_lite/18.0/nios2eds/bin/gnu/h-x86_64-mingw32/bin/../lib/gcc/nios2-elf/5.3.0/../../../../../H-x86_64-mingw32/nios2-elf/lib\libc.a(lib_a-mprec.o)
                0x000000000002a384                __ulp
 .text.__b2d    0x000000000002a3e8      0x10c c:/intelfpga_lite/18.0/nios2eds/bin/gnu/h-x86_64-mingw32/bin/../lib/gcc/nios2-elf/5.3.0/../../../../../H-x86_64-mingw32/nios2-elf/lib\libc.a(lib_a-mprec.o)
                0x000000000002a3e8                __b2d
 .text.__d2b    0x000000000002a4f4      0x14c c:/intelfpga_lite/18.0/nios2eds/bin/gnu/h-x86_64-mingw32/bin/../lib/gcc/nios2-elf/5.3.0/../../../../../H-x86_64-mingw32/nios2-elf/lib\libc.a(lib_a-mprec.o)
                0x000000000002a4f4                __d2b
 .text.__ratio  0x000000000002a640       0xa4 c:/intelfpga_lite/18.0/nios2eds/bin/gnu/h-x86_64-mingw32/bin/../lib/gcc/nios2-elf/5.3.0/../../../../../H-x86_64-mingw32/nios2-elf/lib\libc.a(lib_a-mprec.o)
                0x000000000002a640                __ratio
 .text._mprec_log10
                0x000000000002a6e4       0x74 c:/intelfpga_lite/18.0/nios2eds/bin/gnu/h-x86_64-mingw32/bin/../lib/gcc/nios2-elf/5.3.0/../../../../../H-x86_64-mingw32/nios2-elf/lib\libc.a(lib_a-mprec.o)
                0x000000000002a6e4                _mprec_log10
 .text.__copybits
                0x000000000002a758       0x78 c:/intelfpga_lite/18.0/nios2eds/bin/gnu/h-x86_64-mingw32/bin/../lib/gcc/nios2-elf/5.3.0/../../../../../H-x86_64-mingw32/nios2-elf/lib\libc.a(lib_a-mprec.o)
                0x000000000002a758                __copybits
 .text.__any_on
                0x000000000002a7d0       0x8c c:/intelfpga_lite/18.0/nios2eds/bin/gnu/h-x86_64-mingw32/bin/../lib/gcc/nios2-elf/5.3.0/../../../../../H-x86_64-mingw32/nios2-elf/lib\libc.a(lib_a-mprec.o)
                0x000000000002a7d0                __any_on
 .text          0x000000000002a85c        0x0 c:/intelfpga_lite/18.0/nios2eds/bin/gnu/h-x86_64-mingw32/bin/../lib/gcc/nios2-elf/5.3.0/../../../../../H-x86_64-mingw32/nios2-elf/lib\libc.a(lib_a-putc.o)
 .text._putc_r  0x000000000002a85c       0xa0 c:/intelfpga_lite/18.0/nios2eds/bin/gnu/h-x86_64-mingw32/bin/../lib/gcc/nios2-elf/5.3.0/../../../../../H-x86_64-mingw32/nios2-elf/lib\libc.a(lib_a-putc.o)
                0x000000000002a85c                _putc_r
 .text.putc     0x000000000002a8fc       0xc8 c:/intelfpga_lite/18.0/nios2eds/bin/gnu/h-x86_64-mingw32/bin/../lib/gcc/nios2-elf/5.3.0/../../../../../H-x86_64-mingw32/nios2-elf/lib\libc.a(lib_a-putc.o)
                0x000000000002a8fc                putc
 .text          0x000000000002a9c4        0x0 c:/intelfpga_lite/18.0/nios2eds/bin/gnu/h-x86_64-mingw32/bin/../lib/gcc/nios2-elf/5.3.0/../../../../../H-x86_64-mingw32/nios2-elf/lib\libc.a(lib_a-readr.o)
 .text._read_r  0x000000000002a9c4       0x60 c:/intelfpga_lite/18.0/nios2eds/bin/gnu/h-x86_64-mingw32/bin/../lib/gcc/nios2-elf/5.3.0/../../../../../H-x86_64-mingw32/nios2-elf/lib\libc.a(lib_a-readr.o)
                0x000000000002a9c4                _read_r
 .text          0x000000000002aa24        0x0 c:/intelfpga_lite/18.0/nios2eds/bin/gnu/h-x86_64-mingw32/bin/../lib/gcc/nios2-elf/5.3.0/../../../../../H-x86_64-mingw32/nios2-elf/lib\libc.a(lib_a-reallocr.o)
 .text._realloc_r
                0x000000000002aa24      0x564 c:/intelfpga_lite/18.0/nios2eds/bin/gnu/h-x86_64-mingw32/bin/../lib/gcc/nios2-elf/5.3.0/../../../../../H-x86_64-mingw32/nios2-elf/lib\libc.a(lib_a-reallocr.o)
                0x000000000002aa24                _realloc_r
 .text          0x000000000002af88        0x0 c:/intelfpga_lite/18.0/nios2eds/bin/gnu/h-x86_64-mingw32/bin/../lib/gcc/nios2-elf/5.3.0/../../../../../H-x86_64-mingw32/nios2-elf/lib\libc.a(lib_a-s_fpclassify.o)
 .text.__fpclassifyd
                0x000000000002af88       0x74 c:/intelfpga_lite/18.0/nios2eds/bin/gnu/h-x86_64-mingw32/bin/../lib/gcc/nios2-elf/5.3.0/../../../../../H-x86_64-mingw32/nios2-elf/lib\libc.a(lib_a-s_fpclassify.o)
                0x000000000002af88                __fpclassifyd
 .text          0x000000000002affc        0x0 c:/intelfpga_lite/18.0/nios2eds/bin/gnu/h-x86_64-mingw32/bin/../lib/gcc/nios2-elf/5.3.0/../../../../../H-x86_64-mingw32/nios2-elf/lib\libc.a(lib_a-strcmp.o)
 .text.strcmp   0x000000000002affc       0xdc c:/intelfpga_lite/18.0/nios2eds/bin/gnu/h-x86_64-mingw32/bin/../lib/gcc/nios2-elf/5.3.0/../../../../../H-x86_64-mingw32/nios2-elf/lib\libc.a(lib_a-strcmp.o)
                0x000000000002affc                strcmp
 .text          0x000000000002b0d8        0x0 c:/intelfpga_lite/18.0/nios2eds/bin/gnu/h-x86_64-mingw32/bin/../lib/gcc/nios2-elf/5.3.0/../../../../../H-x86_64-mingw32/nios2-elf/lib\libc.a(lib_a-vfiprintf.o)
 .text.__sprint_r.part.0
                0x000000000002b0d8       0xfc c:/intelfpga_lite/18.0/nios2eds/bin/gnu/h-x86_64-mingw32/bin/../lib/gcc/nios2-elf/5.3.0/../../../../../H-x86_64-mingw32/nios2-elf/lib\libc.a(lib_a-vfiprintf.o)
 .text.__sprint_r
                0x000000000002b1d4       0x18 c:/intelfpga_lite/18.0/nios2eds/bin/gnu/h-x86_64-mingw32/bin/../lib/gcc/nios2-elf/5.3.0/../../../../../H-x86_64-mingw32/nios2-elf/lib\libc.a(lib_a-vfiprintf.o)
                0x000000000002b1d4                __sprint_r
 .text.___vfiprintf_internal_r
                0x000000000002b1ec     0x145c c:/intelfpga_lite/18.0/nios2eds/bin/gnu/h-x86_64-mingw32/bin/../lib/gcc/nios2-elf/5.3.0/../../../../../H-x86_64-mingw32/nios2-elf/lib\libc.a(lib_a-vfiprintf.o)
                0x000000000002b1ec                ___vfiprintf_internal_r
 .text.__vfiprintf_internal
                0x000000000002c648       0x1c c:/intelfpga_lite/18.0/nios2eds/bin/gnu/h-x86_64-mingw32/bin/../lib/gcc/nios2-elf/5.3.0/../../../../../H-x86_64-mingw32/nios2-elf/lib\libc.a(lib_a-vfiprintf.o)
                0x000000000002c648                __vfiprintf_internal
 .text.__sbprintf
                0x000000000002c664       0xbc c:/intelfpga_lite/18.0/nios2eds/bin/gnu/h-x86_64-mingw32/bin/../lib/gcc/nios2-elf/5.3.0/../../../../../H-x86_64-mingw32/nios2-elf/lib\libc.a(lib_a-vfiprintf.o)
 .text          0x000000000002c720        0x0 c:/intelfpga_lite/18.0/nios2eds/bin/gnu/h-x86_64-mingw32/bin/../lib/gcc/nios2-elf/5.3.0/../../../../../H-x86_64-mingw32/nios2-elf/lib\libc.a(lib_a-wbuf.o)
 .text.__swbuf_r
                0x000000000002c720      0x140 c:/intelfpga_lite/18.0/nios2eds/bin/gnu/h-x86_64-mingw32/bin/../lib/gcc/nios2-elf/5.3.0/../../../../../H-x86_64-mingw32/nios2-elf/lib\libc.a(lib_a-wbuf.o)
                0x000000000002c720                __swbuf_r
 .text.__swbuf  0x000000000002c860       0x18 c:/intelfpga_lite/18.0/nios2eds/bin/gnu/h-x86_64-mingw32/bin/../lib/gcc/nios2-elf/5.3.0/../../../../../H-x86_64-mingw32/nios2-elf/lib\libc.a(lib_a-wbuf.o)
                0x000000000002c860                __swbuf
 .text          0x000000000002c878        0x0 c:/intelfpga_lite/18.0/nios2eds/bin/gnu/h-x86_64-mingw32/bin/../lib/gcc/nios2-elf/5.3.0/../../../../../H-x86_64-mingw32/nios2-elf/lib\libc.a(lib_a-callocr.o)
 .text._calloc_r
                0x000000000002c878       0xc4 c:/intelfpga_lite/18.0/nios2eds/bin/gnu/h-x86_64-mingw32/bin/../lib/gcc/nios2-elf/5.3.0/../../../../../H-x86_64-mingw32/nios2-elf/lib\libc.a(lib_a-callocr.o)
                0x000000000002c878                _calloc_r
 .text          0x000000000002c93c        0x0 c:/intelfpga_lite/18.0/nios2eds/bin/gnu/h-x86_64-mingw32/bin/../lib/gcc/nios2-elf/5.3.0/../../../../../H-x86_64-mingw32/nios2-elf/lib\libc.a(lib_a-fclose.o)
 .text._fclose_r
                0x000000000002c93c       0xf0 c:/intelfpga_lite/18.0/nios2eds/bin/gnu/h-x86_64-mingw32/bin/../lib/gcc/nios2-elf/5.3.0/../../../../../H-x86_64-mingw32/nios2-elf/lib\libc.a(lib_a-fclose.o)
                0x000000000002c93c                _fclose_r
 .text.fclose   0x000000000002ca2c       0x14 c:/intelfpga_lite/18.0/nios2eds/bin/gnu/h-x86_64-mingw32/bin/../lib/gcc/nios2-elf/5.3.0/../../../../../H-x86_64-mingw32/nios2-elf/lib\libc.a(lib_a-fclose.o)
                0x000000000002ca2c                fclose
 .text          0x000000000002ca40        0x0 c:/intelfpga_lite/18.0/nios2eds/bin/gnu/h-x86_64-mingw32/bin/../lib/gcc/nios2-elf/5.3.0/../../../../../H-x86_64-mingw32/nios2-elf/lib\libc.a(lib_a-fputwc.o)
 .text.__fputwc
                0x000000000002ca40      0x164 c:/intelfpga_lite/18.0/nios2eds/bin/gnu/h-x86_64-mingw32/bin/../lib/gcc/nios2-elf/5.3.0/../../../../../H-x86_64-mingw32/nios2-elf/lib\libc.a(lib_a-fputwc.o)
                0x000000000002ca40                __fputwc
 .text._fputwc_r
                0x000000000002cba4       0x24 c:/intelfpga_lite/18.0/nios2eds/bin/gnu/h-x86_64-mingw32/bin/../lib/gcc/nios2-elf/5.3.0/../../../../../H-x86_64-mingw32/nios2-elf/lib\libc.a(lib_a-fputwc.o)
                0x000000000002cba4                _fputwc_r
 .text.fputwc   0x000000000002cbc8       0x80 c:/intelfpga_lite/18.0/nios2eds/bin/gnu/h-x86_64-mingw32/bin/../lib/gcc/nios2-elf/5.3.0/../../../../../H-x86_64-mingw32/nios2-elf/lib\libc.a(lib_a-fputwc.o)
                0x000000000002cbc8                fputwc
 .text          0x000000000002cc48        0x0 c:/intelfpga_lite/18.0/nios2eds/bin/gnu/h-x86_64-mingw32/bin/../lib/gcc/nios2-elf/5.3.0/../../../../../H-x86_64-mingw32/nios2-elf/lib\libc.a(lib_a-wcrtomb.o)
 .text._wcrtomb_r
                0x000000000002cc48       0x9c c:/intelfpga_lite/18.0/nios2eds/bin/gnu/h-x86_64-mingw32/bin/../lib/gcc/nios2-elf/5.3.0/../../../../../H-x86_64-mingw32/nios2-elf/lib\libc.a(lib_a-wcrtomb.o)
                0x000000000002cc48                _wcrtomb_r
 .text.wcrtomb  0x000000000002cce4       0xc0 c:/intelfpga_lite/18.0/nios2eds/bin/gnu/h-x86_64-mingw32/bin/../lib/gcc/nios2-elf/5.3.0/../../../../../H-x86_64-mingw32/nios2-elf/lib\libc.a(lib_a-wcrtomb.o)
                0x000000000002cce4                wcrtomb
 .text          0x000000000002cda4        0x0 c:/intelfpga_lite/18.0/nios2eds/bin/gnu/h-x86_64-mingw32/bin/../lib/gcc/nios2-elf/5.3.0/../../../../../H-x86_64-mingw32/nios2-elf/lib\libc.a(lib_a-wctomb_r.o)
 .text.__ascii_wctomb
                0x000000000002cda4       0x30 c:/intelfpga_lite/18.0/nios2eds/bin/gnu/h-x86_64-mingw32/bin/../lib/gcc/nios2-elf/5.3.0/../../../../../H-x86_64-mingw32/nios2-elf/lib\libc.a(lib_a-wctomb_r.o)
                0x000000000002cda4                __ascii_wctomb
 .text._wctomb_r
                0x000000000002cdd4       0x5c c:/intelfpga_lite/18.0/nios2eds/bin/gnu/h-x86_64-mingw32/bin/../lib/gcc/nios2-elf/5.3.0/../../../../../H-x86_64-mingw32/nios2-elf/lib\libc.a(lib_a-wctomb_r.o)
                0x000000000002cdd4                _wctomb_r
 .text          0x000000000002ce30      0x578 c:/intelfpga_lite/18.0/nios2eds/bin/gnu/h-x86_64-mingw32/bin/../lib/gcc/nios2-elf/5.3.0\libgcc.a(_udivdi3.o)
                0x000000000002ce30                __udivdi3
 .text          0x000000000002d3a8      0x538 c:/intelfpga_lite/18.0/nios2eds/bin/gnu/h-x86_64-mingw32/bin/../lib/gcc/nios2-elf/5.3.0\libgcc.a(_umoddi3.o)
                0x000000000002d3a8                __umoddi3
 .text          0x000000000002d8e0      0x8ac c:/intelfpga_lite/18.0/nios2eds/bin/gnu/h-x86_64-mingw32/bin/../lib/gcc/nios2-elf/5.3.0\libgcc.a(adddf3.o)
                0x000000000002d8e0                __adddf3
 .text          0x000000000002e18c      0x8e8 c:/intelfpga_lite/18.0/nios2eds/bin/gnu/h-x86_64-mingw32/bin/../lib/gcc/nios2-elf/5.3.0\libgcc.a(divdf3.o)
                0x000000000002e18c                __divdf3
 .text          0x000000000002ea74       0x88 c:/intelfpga_lite/18.0/nios2eds/bin/gnu/h-x86_64-mingw32/bin/../lib/gcc/nios2-elf/5.3.0\libgcc.a(eqdf2.o)
                0x000000000002ea74                __nedf2
                0x000000000002ea74                __eqdf2
 .text          0x000000000002eafc       0xdc c:/intelfpga_lite/18.0/nios2eds/bin/gnu/h-x86_64-mingw32/bin/../lib/gcc/nios2-elf/5.3.0\libgcc.a(gedf2.o)
                0x000000000002eafc                __gedf2
                0x000000000002eafc                __gtdf2
 .text          0x000000000002ebd8       0xf4 c:/intelfpga_lite/18.0/nios2eds/bin/gnu/h-x86_64-mingw32/bin/../lib/gcc/nios2-elf/5.3.0\libgcc.a(ledf2.o)
                0x000000000002ebd8                __ledf2
                0x000000000002ebd8                __ltdf2
 .text          0x000000000002eccc      0x718 c:/intelfpga_lite/18.0/nios2eds/bin/gnu/h-x86_64-mingw32/bin/../lib/gcc/nios2-elf/5.3.0\libgcc.a(muldf3.o)
                0x000000000002eccc                __muldf3
 .text          0x000000000002f3e4      0x8fc c:/intelfpga_lite/18.0/nios2eds/bin/gnu/h-x86_64-mingw32/bin/../lib/gcc/nios2-elf/5.3.0\libgcc.a(subdf3.o)
                0x000000000002f3e4                __subdf3
 .text          0x000000000002fce0       0x80 c:/intelfpga_lite/18.0/nios2eds/bin/gnu/h-x86_64-mingw32/bin/../lib/gcc/nios2-elf/5.3.0\libgcc.a(fixdfsi.o)
                0x000000000002fce0                __fixdfsi
 .text          0x000000000002fd60       0xdc c:/intelfpga_lite/18.0/nios2eds/bin/gnu/h-x86_64-mingw32/bin/../lib/gcc/nios2-elf/5.3.0\libgcc.a(floatsidf.o)
                0x000000000002fd60                __floatsidf
 .text          0x000000000002fe3c       0xa8 c:/intelfpga_lite/18.0/nios2eds/bin/gnu/h-x86_64-mingw32/bin/../lib/gcc/nios2-elf/5.3.0\libgcc.a(floatunsidf.o)
                0x000000000002fe3c                __floatunsidf
 .text          0x000000000002fee4        0x0 c:/intelfpga_lite/18.0/nios2eds/bin/gnu/h-x86_64-mingw32/bin/../lib/gcc/nios2-elf/5.3.0\libgcc.a(_clz.o)
 .text          0x000000000002fee4       0x64 c:/intelfpga_lite/18.0/nios2eds/bin/gnu/h-x86_64-mingw32/bin/../lib/gcc/nios2-elf/5.3.0\libgcc.a(_clzsi2.o)
                0x000000000002fee4                __clzsi2
 .text          0x000000000002ff48      0x10c ../mazerunner_bsp/\libhal_bsp.a(alt_close.o)
                0x000000000002ff84                close
 .text          0x0000000000030054       0x2c ../mazerunner_bsp/\libhal_bsp.a(alt_dev.o)
 .text          0x0000000000030080        0x0 ../mazerunner_bsp/\libhal_bsp.a(alt_errno.o)
 .text          0x0000000000030080      0x15c ../mazerunner_bsp/\libhal_bsp.a(alt_fcntl.o)
                0x00000000000300bc                fcntl
 .text          0x00000000000301dc       0xec ../mazerunner_bsp/\libhal_bsp.a(alt_fstat.o)
                0x0000000000030218                fstat
 .text          0x00000000000302c8       0xe0 ../mazerunner_bsp/\libhal_bsp.a(alt_isatty.o)
                0x0000000000030304                isatty
 .text          0x00000000000303a8       0xec ../mazerunner_bsp/\libhal_bsp.a(alt_load.o)
                0x0000000000030410                alt_load
 .text          0x0000000000030494      0x110 ../mazerunner_bsp/\libhal_bsp.a(alt_lseek.o)
                0x00000000000304d0                lseek
 .text          0x00000000000305a4       0x7c ../mazerunner_bsp/\libhal_bsp.a(alt_main.o)
                0x00000000000305a4                alt_main
 .text          0x0000000000030620       0x48 ../mazerunner_bsp/\libhal_bsp.a(alt_malloc_lock.o)
                0x0000000000030620                __malloc_lock
                0x0000000000030644                __malloc_unlock
 .text          0x0000000000030668      0x254 ../mazerunner_bsp/\libhal_bsp.a(alt_open.o)
                0x0000000000030768                open
 .text          0x00000000000308bc      0x138 ../mazerunner_bsp/\libhal_bsp.a(alt_read.o)
                0x00000000000308f8                read
 .text          0x00000000000309f4       0x64 ../mazerunner_bsp/\libhal_bsp.a(alt_release_fd.o)
                0x00000000000309f4                alt_release_fd
 .text          0x0000000000030a58       0xb0 ../mazerunner_bsp/\libhal_bsp.a(alt_sbrk.o)
                0x0000000000030a58                sbrk
 .text          0x0000000000030b08      0x1a4 ../mazerunner_bsp/\libhal_bsp.a(alt_tick.o)
                0x0000000000030b08                alt_alarm_stop
                0x0000000000030ba4                alt_tick
 .text          0x0000000000030cac       0x30 ../mazerunner_bsp/\libhal_bsp.a(alt_usleep.o)
                0x0000000000030cac                usleep
 .text          0x0000000000030cdc      0x134 ../mazerunner_bsp/\libhal_bsp.a(alt_write.o)
                0x0000000000030d18                write
 .text          0x0000000000030e10       0xf0 ../mazerunner_bsp/\libhal_bsp.a(alt_sys_init.o)
                0x0000000000030e44                alt_irq_init
                0x0000000000030e7c                alt_sys_init
 .text          0x0000000000030f00      0x164 ../mazerunner_bsp/\libhal_bsp.a(altera_avalon_jtag_uart_fd.o)
                0x0000000000030f00                altera_avalon_jtag_uart_read_fd
                0x0000000000030f60                altera_avalon_jtag_uart_write_fd
                0x0000000000030fc0                altera_avalon_jtag_uart_close_fd
                0x0000000000031010                altera_avalon_jtag_uart_ioctl_fd
 .text          0x0000000000031064      0x3d4 ../mazerunner_bsp/\libhal_bsp.a(altera_avalon_jtag_uart_init.o)
                0x0000000000031064                altera_avalon_jtag_uart_init
                0x00000000000313d0                altera_avalon_jtag_uart_close
 .text          0x0000000000031438       0xf0 ../mazerunner_bsp/\libhal_bsp.a(altera_avalon_jtag_uart_ioctl.o)
                0x0000000000031438                altera_avalon_jtag_uart_ioctl
 .text          0x0000000000031528      0x21c ../mazerunner_bsp/\libhal_bsp.a(altera_avalon_jtag_uart_read.o)
                0x0000000000031528                altera_avalon_jtag_uart_read
 .text          0x0000000000031744      0x224 ../mazerunner_bsp/\libhal_bsp.a(altera_avalon_jtag_uart_write.o)
                0x0000000000031744                altera_avalon_jtag_uart_write
 .text          0x0000000000031968       0xf4 ../mazerunner_bsp/\libhal_bsp.a(altera_avalon_timer_sc.o)
                0x00000000000319e0                alt_avalon_timer_sc_init
 .text          0x0000000000031a5c      0x110 ../mazerunner_bsp/\libhal_bsp.a(altera_avalon_uart_fd.o)
                0x0000000000031a5c                altera_avalon_uart_read_fd
                0x0000000000031abc                altera_avalon_uart_write_fd
                0x0000000000031b1c                altera_avalon_uart_close_fd
 .text          0x0000000000031b6c      0x3c8 ../mazerunner_bsp/\libhal_bsp.a(altera_avalon_uart_init.o)
                0x0000000000031b6c                altera_avalon_uart_init
                0x0000000000031ee0                altera_avalon_uart_close
 .text          0x0000000000031f34      0x218 ../mazerunner_bsp/\libhal_bsp.a(altera_avalon_uart_read.o)
                0x0000000000031f70                altera_avalon_uart_read
 .text          0x000000000003214c      0x1e8 ../mazerunner_bsp/\libhal_bsp.a(altera_avalon_uart_write.o)
                0x0000000000032188                altera_avalon_uart_write
 .text          0x0000000000032334      0x12c ../mazerunner_bsp/\libhal_bsp.a(alt_alarm_start.o)
                0x0000000000032334                alt_alarm_start
 .text          0x0000000000032460      0x158 ../mazerunner_bsp/\libhal_bsp.a(alt_busy_sleep.o)
                0x0000000000032460                alt_busy_sleep
 .text          0x00000000000325b8       0x48 ../mazerunner_bsp/\libhal_bsp.a(alt_dcache_flush_all.o)
                0x00000000000325b8                alt_dcache_flush_all
 .text          0x0000000000032600       0xe0 ../mazerunner_bsp/\libhal_bsp.a(alt_dev_llist_insert.o)
                0x000000000003263c                alt_dev_llist_insert
 .text          0x00000000000326e0       0x60 ../mazerunner_bsp/\libhal_bsp.a(alt_do_ctors.o)
                0x00000000000326e0                _do_ctors
 .text          0x0000000000032740       0x60 ../mazerunner_bsp/\libhal_bsp.a(alt_do_dtors.o)
                0x0000000000032740                _do_dtors
 .text          0x00000000000327a0       0x90 ../mazerunner_bsp/\libhal_bsp.a(alt_find_dev.o)
                0x00000000000327a0                alt_find_dev
 .text          0x0000000000032830      0x108 ../mazerunner_bsp/\libhal_bsp.a(alt_find_file.o)
                0x0000000000032830                alt_find_file
 .text          0x0000000000032938       0xa4 ../mazerunner_bsp/\libhal_bsp.a(alt_get_fd.o)
                0x0000000000032938                alt_get_fd
 .text          0x00000000000329dc       0x34 ../mazerunner_bsp/\libhal_bsp.a(alt_icache_flush_all.o)
                0x00000000000329dc                alt_icache_flush_all
 .text          0x0000000000032a10      0x1b0 ../mazerunner_bsp/\libhal_bsp.a(alt_iic.o)
                0x0000000000032a10                alt_ic_isr_register
                0x0000000000032a60                alt_ic_irq_enable
                0x0000000000032ae8                alt_ic_irq_disable
                0x0000000000032b74                alt_ic_irq_enabled
 .text          0x0000000000032bc0       0xf0 ../mazerunner_bsp/\libhal_bsp.a(alt_iic_isr_register.o)
                0x0000000000032bc0                alt_iic_isr_register
 .text          0x0000000000032cb0      0x140 ../mazerunner_bsp/\libhal_bsp.a(alt_io_redirect.o)
                0x0000000000032d74                alt_io_redirect
 .text          0x0000000000032df0        0x0 ../mazerunner_bsp/\libhal_bsp.a(alt_irq_entry.o)
 .text          0x0000000000032df0        0x0 ../mazerunner_bsp/\libhal_bsp.a(alt_irq_handler.o)
 .text          0x0000000000032df0        0x0 ../mazerunner_bsp/\libhal_bsp.a(alt_irq_vars.o)
 .text          0x0000000000032df0       0x24 ../mazerunner_bsp/\libhal_bsp.a(altera_nios2_gen2_irq.o)
                0x0000000000032df0                altera_nios2_gen2_irq_init
 .text          0x0000000000032e14        0x0 ../mazerunner_bsp/\libhal_bsp.a(alt_exception_entry.o)
 .text          0x0000000000032e14       0x90 ../mazerunner_bsp/\libhal_bsp.a(alt_icache_flush.o)
                0x0000000000032e14                alt_icache_flush
 .text          0x0000000000032ea4       0x9c ../mazerunner_bsp/\libhal_bsp.a(alt_instruction_exception_entry.o)
                0x0000000000032ea4                alt_exception_cause_generated_bad_addr
 .text          0x0000000000032f40        0x0 c:/intelfpga_lite/18.0/nios2eds/bin/gnu/h-x86_64-mingw32/bin/../lib/gcc/nios2-elf/5.3.0/../../../../../H-x86_64-mingw32/nios2-elf/lib\libc.a(lib_a-atexit.o)
 .text.atexit   0x0000000000032f40       0x14 c:/intelfpga_lite/18.0/nios2eds/bin/gnu/h-x86_64-mingw32/bin/../lib/gcc/nios2-elf/5.3.0/../../../../../H-x86_64-mingw32/nios2-elf/lib\libc.a(lib_a-atexit.o)
                0x0000000000032f40                atexit
 .text          0x0000000000032f54        0x0 c:/intelfpga_lite/18.0/nios2eds/bin/gnu/h-x86_64-mingw32/bin/../lib/gcc/nios2-elf/5.3.0/../../../../../H-x86_64-mingw32/nios2-elf/lib\libc.a(lib_a-exit.o)
 .text.exit     0x0000000000032f54       0x38 c:/intelfpga_lite/18.0/nios2eds/bin/gnu/h-x86_64-mingw32/bin/../lib/gcc/nios2-elf/5.3.0/../../../../../H-x86_64-mingw32/nios2-elf/lib\libc.a(lib_a-exit.o)
                0x0000000000032f54                exit
 .text          0x0000000000032f8c        0x0 c:/intelfpga_lite/18.0/nios2eds/bin/gnu/h-x86_64-mingw32/bin/../lib/gcc/nios2-elf/5.3.0/../../../../../H-x86_64-mingw32/nios2-elf/lib\libc.a(lib_a-memcmp.o)
 .text.memcmp   0x0000000000032f8c       0x7c c:/intelfpga_lite/18.0/nios2eds/bin/gnu/h-x86_64-mingw32/bin/../lib/gcc/nios2-elf/5.3.0/../../../../../H-x86_64-mingw32/nios2-elf/lib\libc.a(lib_a-memcmp.o)
                0x0000000000032f8c                memcmp
 .text          0x0000000000033008        0x0 c:/intelfpga_lite/18.0/nios2eds/bin/gnu/h-x86_64-mingw32/bin/../lib/gcc/nios2-elf/5.3.0/../../../../../H-x86_64-mingw32/nios2-elf/lib\libc.a(lib_a-__atexit.o)
 .text.__register_exitproc
                0x0000000000033008      0x118 c:/intelfpga_lite/18.0/nios2eds/bin/gnu/h-x86_64-mingw32/bin/../lib/gcc/nios2-elf/5.3.0/../../../../../H-x86_64-mingw32/nios2-elf/lib\libc.a(lib_a-__atexit.o)
                0x0000000000033008                __register_exitproc
 .text          0x0000000000033120        0x0 c:/intelfpga_lite/18.0/nios2eds/bin/gnu/h-x86_64-mingw32/bin/../lib/gcc/nios2-elf/5.3.0/../../../../../H-x86_64-mingw32/nios2-elf/lib\libc.a(lib_a-__call_atexit.o)
 .text.__call_exitprocs
                0x0000000000033120      0x180 c:/intelfpga_lite/18.0/nios2eds/bin/gnu/h-x86_64-mingw32/bin/../lib/gcc/nios2-elf/5.3.0/../../../../../H-x86_64-mingw32/nios2-elf/lib\libc.a(lib_a-__call_atexit.o)
                0x0000000000033120                __call_exitprocs
 .text          0x00000000000332a0       0x34 ../mazerunner_bsp/\libhal_bsp.a(alt_exit.o)
                0x00000000000332a0                _exit
 *(.gnu.warning.*)
 *(.fini)
                [!provide]                        PROVIDE (__etext, ABSOLUTE (.))
                [!provide]                        PROVIDE (_etext, ABSOLUTE (.))
                [!provide]                        PROVIDE (etext, ABSOLUTE (.))
 *(.eh_frame_hdr)
                0x00000000000332d4                . = ALIGN (0x4)
                [!provide]                        PROVIDE (__preinit_array_start, ABSOLUTE (.))
 *(.preinit_array)
                [!provide]                        PROVIDE (__preinit_array_end, ABSOLUTE (.))
                [!provide]                        PROVIDE (__init_array_start, ABSOLUTE (.))
 *(.init_array)
                [!provide]                        PROVIDE (__init_array_end, ABSOLUTE (.))
                [!provide]                        PROVIDE (__fini_array_start, ABSOLUTE (.))
 *(.fini_array)
                [!provide]                        PROVIDE (__fini_array_end, ABSOLUTE (.))
 *(.eh_frame)
 *(.gcc_except_table .gcc_except_table.*)
 *(.dynamic)
                0x00000000000332d4                PROVIDE (__CTOR_LIST__, ABSOLUTE (.))
 *(.ctors)
 *(SORT(.ctors.*))
                0x00000000000332d4                PROVIDE (__CTOR_END__, ABSOLUTE (.))
                0x00000000000332d4                PROVIDE (__DTOR_LIST__, ABSOLUTE (.))
 *(.dtors)
 *(SORT(.dtors.*))
                0x00000000000332d4                PROVIDE (__DTOR_END__, ABSOLUTE (.))
 *(.jcr)
                0x00000000000332d4                . = ALIGN (0x4)

.rodata         0x00000000000332d4      0x92c
                0x00000000000332d4                PROVIDE (__ram_rodata_start, ABSOLUTE (.))
                0x00000000000332d4                . = ALIGN (0x4)
 *(.rodata .rodata.* .gnu.linkonce.r.*)
 .rodata        0x00000000000332d4      0x277 obj/default/I2C_core.o
 *fill*         0x000000000003354b        0x1 
 .rodata        0x000000000003354c       0x4e obj/default/auto_focus.o
 *fill*         0x000000000003359a        0x2 
 .rodata        0x000000000003359c      0x25d obj/default/main.o
 *fill*         0x00000000000337f9        0x3 
 .rodata        0x00000000000337fc       0x61 obj/default/mipi_bridge_config.o
 *fill*         0x000000000003385d        0x3 
 .rodata        0x0000000000033860       0x9c obj/default/mipi_camera_config.o
 .rodata.str1.4
                0x00000000000338fc        0x2 c:/intelfpga_lite/18.0/nios2eds/bin/gnu/h-x86_64-mingw32/bin/../lib/gcc/nios2-elf/5.3.0/../../../../../H-x86_64-mingw32/nios2-elf/lib\libc.a(lib_a-impure.o)
 *fill*         0x00000000000338fe        0x2 
 .rodata.str1.4
                0x0000000000033900        0x2 c:/intelfpga_lite/18.0/nios2eds/bin/gnu/h-x86_64-mingw32/bin/../lib/gcc/nios2-elf/5.3.0/../../../../../H-x86_64-mingw32/nios2-elf/lib\libc.a(lib_a-puts.o)
 *fill*         0x0000000000033902        0x2 
 .rodata.str1.4
                0x0000000000033904       0x42 c:/intelfpga_lite/18.0/nios2eds/bin/gnu/h-x86_64-mingw32/bin/../lib/gcc/nios2-elf/5.3.0/../../../../../H-x86_64-mingw32/nios2-elf/lib\libc.a(lib_a-vfprintf.o)
 .rodata.zeroes.4404
                0x0000000000033946       0x10 c:/intelfpga_lite/18.0/nios2eds/bin/gnu/h-x86_64-mingw32/bin/../lib/gcc/nios2-elf/5.3.0/../../../../../H-x86_64-mingw32/nios2-elf/lib\libc.a(lib_a-vfprintf.o)
 .rodata.blanks.4403
                0x0000000000033956       0x10 c:/intelfpga_lite/18.0/nios2eds/bin/gnu/h-x86_64-mingw32/bin/../lib/gcc/nios2-elf/5.3.0/../../../../../H-x86_64-mingw32/nios2-elf/lib\libc.a(lib_a-vfprintf.o)
 *fill*         0x0000000000033966        0x2 
 .rodata.str1.4
                0x0000000000033968       0x10 c:/intelfpga_lite/18.0/nios2eds/bin/gnu/h-x86_64-mingw32/bin/../lib/gcc/nios2-elf/5.3.0/../../../../../H-x86_64-mingw32/nios2-elf/lib\libc.a(lib_a-dtoa.o)
                                         0x12 (size before relaxing)
 .rodata.str1.4
                0x0000000000033978        0xc c:/intelfpga_lite/18.0/nios2eds/bin/gnu/h-x86_64-mingw32/bin/../lib/gcc/nios2-elf/5.3.0/../../../../../H-x86_64-mingw32/nios2-elf/lib\libc.a(lib_a-locale.o)
                                         0x12 (size before relaxing)
 .rodata.p05.2768
                0x0000000000033984        0xc c:/intelfpga_lite/18.0/nios2eds/bin/gnu/h-x86_64-mingw32/bin/../lib/gcc/nios2-elf/5.3.0/../../../../../H-x86_64-mingw32/nios2-elf/lib\libc.a(lib_a-mprec.o)
 .rodata.__mprec_tinytens
                0x0000000000033990       0x28 c:/intelfpga_lite/18.0/nios2eds/bin/gnu/h-x86_64-mingw32/bin/../lib/gcc/nios2-elf/5.3.0/../../../../../H-x86_64-mingw32/nios2-elf/lib\libc.a(lib_a-mprec.o)
                0x0000000000033990                __mprec_tinytens
 .rodata.__mprec_bigtens
                0x00000000000339b8       0x28 c:/intelfpga_lite/18.0/nios2eds/bin/gnu/h-x86_64-mingw32/bin/../lib/gcc/nios2-elf/5.3.0/../../../../../H-x86_64-mingw32/nios2-elf/lib\libc.a(lib_a-mprec.o)
                0x00000000000339b8                __mprec_bigtens
 .rodata.__mprec_tens
                0x00000000000339e0       0xc8 c:/intelfpga_lite/18.0/nios2eds/bin/gnu/h-x86_64-mingw32/bin/../lib/gcc/nios2-elf/5.3.0/../../../../../H-x86_64-mingw32/nios2-elf/lib\libc.a(lib_a-mprec.o)
                0x00000000000339e0                __mprec_tens
 .rodata.str1.4
                0x0000000000033aa8       0x2f c:/intelfpga_lite/18.0/nios2eds/bin/gnu/h-x86_64-mingw32/bin/../lib/gcc/nios2-elf/5.3.0/../../../../../H-x86_64-mingw32/nios2-elf/lib\libc.a(lib_a-vfiprintf.o)
 .rodata.zeroes.4349
                0x0000000000033aa8       0x10 c:/intelfpga_lite/18.0/nios2eds/bin/gnu/h-x86_64-mingw32/bin/../lib/gcc/nios2-elf/5.3.0/../../../../../H-x86_64-mingw32/nios2-elf/lib\libc.a(lib_a-vfiprintf.o)
 .rodata.blanks.4348
                0x0000000000033ab8       0x10 c:/intelfpga_lite/18.0/nios2eds/bin/gnu/h-x86_64-mingw32/bin/../lib/gcc/nios2-elf/5.3.0/../../../../../H-x86_64-mingw32/nios2-elf/lib\libc.a(lib_a-vfiprintf.o)
 .rodata        0x0000000000033ac8      0x100 c:/intelfpga_lite/18.0/nios2eds/bin/gnu/h-x86_64-mingw32/bin/../lib/gcc/nios2-elf/5.3.0\libgcc.a(_clz.o)
                0x0000000000033ac8                __clz_tab
 .rodata        0x0000000000033bc8        0xa ../mazerunner_bsp/\libhal_bsp.a(alt_dev.o)
 *fill*         0x0000000000033bd2        0x2 
 .rodata        0x0000000000033bd4        0xf ../mazerunner_bsp/\libhal_bsp.a(alt_main.o)
 *fill*         0x0000000000033be3        0x1 
 .rodata        0x0000000000033be4       0x1c ../mazerunner_bsp/\libhal_bsp.a(alt_sys_init.o)
 *(.rodata1)
                0x0000000000033c00                . = ALIGN (0x4)
                0x0000000000033c00                PROVIDE (__ram_rodata_end, ABSOLUTE (.))
                0x00000000000332d4                PROVIDE (__flash_rodata_start, LOADADDR (.rodata))

.rwdata         0x0000000000033c00     0x2364 load address 0x0000000000035f64
                0x0000000000033c00                PROVIDE (__ram_rwdata_start, ABSOLUTE (.))
                0x0000000000033c00                . = ALIGN (0x4)
 *(.got.plt)
 *(.got)
 *(.data1)
 *(.data .data.* .gnu.linkonce.d.*)
 .data          0x0000000000033c00        0x0 ../mazerunner_bsp//obj/HAL/src/crt0.o
 .data          0x0000000000033c00        0x0 obj/default/I2C_core.o
 .data          0x0000000000033c00        0x0 obj/default/auto_focus.o
 .data          0x0000000000033c00        0x0 obj/default/main.o
 .data          0x0000000000033c00       0x34 obj/default/mipi_bridge_config.o
 .data          0x0000000000033c34      0x774 obj/default/mipi_camera_config.o
 .data          0x00000000000343a8        0x0 obj/default/queue.o
 .data          0x00000000000343a8        0x0 c:/intelfpga_lite/18.0/nios2eds/bin/gnu/h-x86_64-mingw32/bin/../lib/gcc/nios2-elf/5.3.0\libgcc.a(lib2-divmod.o)
 .data          0x00000000000343a8        0x0 c:/intelfpga_lite/18.0/nios2eds/bin/gnu/h-x86_64-mingw32/bin/../lib/gcc/nios2-elf/5.3.0/../../../../../H-x86_64-mingw32/nios2-elf/lib\libc.a(lib_a-fopen.o)
 .data          0x00000000000343a8        0x0 c:/intelfpga_lite/18.0/nios2eds/bin/gnu/h-x86_64-mingw32/bin/../lib/gcc/nios2-elf/5.3.0/../../../../../H-x86_64-mingw32/nios2-elf/lib\libc.a(lib_a-fseek.o)
 .data          0x00000000000343a8        0x0 c:/intelfpga_lite/18.0/nios2eds/bin/gnu/h-x86_64-mingw32/bin/../lib/gcc/nios2-elf/5.3.0/../../../../../H-x86_64-mingw32/nios2-elf/lib\libc.a(lib_a-fseeko.o)
 .data          0x00000000000343a8        0x0 c:/intelfpga_lite/18.0/nios2eds/bin/gnu/h-x86_64-mingw32/bin/../lib/gcc/nios2-elf/5.3.0/../../../../../H-x86_64-mingw32/nios2-elf/lib\libc.a(lib_a-fstatr.o)
 .data          0x00000000000343a8        0x0 c:/intelfpga_lite/18.0/nios2eds/bin/gnu/h-x86_64-mingw32/bin/../lib/gcc/nios2-elf/5.3.0/../../../../../H-x86_64-mingw32/nios2-elf/lib\libc.a(lib_a-fwrite.o)
 .data          0x00000000000343a8        0x0 c:/intelfpga_lite/18.0/nios2eds/bin/gnu/h-x86_64-mingw32/bin/../lib/gcc/nios2-elf/5.3.0/../../../../../H-x86_64-mingw32/nios2-elf/lib\libc.a(lib_a-getc.o)
 .data          0x00000000000343a8        0x0 c:/intelfpga_lite/18.0/nios2eds/bin/gnu/h-x86_64-mingw32/bin/../lib/gcc/nios2-elf/5.3.0/../../../../../H-x86_64-mingw32/nios2-elf/lib\libc.a(lib_a-impure.o)
 .data.impure_data
                0x00000000000343a8      0x424 c:/intelfpga_lite/18.0/nios2eds/bin/gnu/h-x86_64-mingw32/bin/../lib/gcc/nios2-elf/5.3.0/../../../../../H-x86_64-mingw32/nios2-elf/lib\libc.a(lib_a-impure.o)
 .data          0x00000000000347cc        0x0 c:/intelfpga_lite/18.0/nios2eds/bin/gnu/h-x86_64-mingw32/bin/../lib/gcc/nios2-elf/5.3.0/../../../../../H-x86_64-mingw32/nios2-elf/lib\libc.a(lib_a-int_errno.o)
 .data          0x00000000000347cc        0x0 c:/intelfpga_lite/18.0/nios2eds/bin/gnu/h-x86_64-mingw32/bin/../lib/gcc/nios2-elf/5.3.0/../../../../../H-x86_64-mingw32/nios2-elf/lib\libc.a(lib_a-makebuf.o)
 .data          0x00000000000347cc        0x0 c:/intelfpga_lite/18.0/nios2eds/bin/gnu/h-x86_64-mingw32/bin/../lib/gcc/nios2-elf/5.3.0/../../../../../H-x86_64-mingw32/nios2-elf/lib\libc.a(lib_a-malloc.o)
 .data          0x00000000000347cc        0x0 c:/intelfpga_lite/18.0/nios2eds/bin/gnu/h-x86_64-mingw32/bin/../lib/gcc/nios2-elf/5.3.0/../../../../../H-x86_64-mingw32/nios2-elf/lib\libc.a(lib_a-mallocr.o)
 .data.__malloc_av_
                0x00000000000347cc      0x408 c:/intelfpga_lite/18.0/nios2eds/bin/gnu/h-x86_64-mingw32/bin/../lib/gcc/nios2-elf/5.3.0/../../../../../H-x86_64-mingw32/nios2-elf/lib\libc.a(lib_a-mallocr.o)
                0x00000000000347cc                __malloc_av_
 .data          0x0000000000034bd4        0x0 c:/intelfpga_lite/18.0/nios2eds/bin/gnu/h-x86_64-mingw32/bin/../lib/gcc/nios2-elf/5.3.0/../../../../../H-x86_64-mingw32/nios2-elf/lib\libc.a(lib_a-memset.o)
 .data          0x0000000000034bd4        0x0 c:/intelfpga_lite/18.0/nios2eds/bin/gnu/h-x86_64-mingw32/bin/../lib/gcc/nios2-elf/5.3.0/../../../../../H-x86_64-mingw32/nios2-elf/lib\libc.a(lib_a-openr.o)
 .data          0x0000000000034bd4        0x0 c:/intelfpga_lite/18.0/nios2eds/bin/gnu/h-x86_64-mingw32/bin/../lib/gcc/nios2-elf/5.3.0/../../../../../H-x86_64-mingw32/nios2-elf/lib\libc.a(lib_a-printf.o)
 .data          0x0000000000034bd4        0x0 c:/intelfpga_lite/18.0/nios2eds/bin/gnu/h-x86_64-mingw32/bin/../lib/gcc/nios2-elf/5.3.0/../../../../../H-x86_64-mingw32/nios2-elf/lib\libc.a(lib_a-putchar.o)
 .data          0x0000000000034bd4        0x0 c:/intelfpga_lite/18.0/nios2eds/bin/gnu/h-x86_64-mingw32/bin/../lib/gcc/nios2-elf/5.3.0/../../../../../H-x86_64-mingw32/nios2-elf/lib\libc.a(lib_a-puts.o)
 .data          0x0000000000034bd4        0x0 c:/intelfpga_lite/18.0/nios2eds/bin/gnu/h-x86_64-mingw32/bin/../lib/gcc/nios2-elf/5.3.0/../../../../../H-x86_64-mingw32/nios2-elf/lib\libc.a(lib_a-refill.o)
 .data          0x0000000000034bd4        0x0 c:/intelfpga_lite/18.0/nios2eds/bin/gnu/h-x86_64-mingw32/bin/../lib/gcc/nios2-elf/5.3.0/../../../../../H-x86_64-mingw32/nios2-elf/lib\libc.a(lib_a-rget.o)
 .data          0x0000000000034bd4        0x0 c:/intelfpga_lite/18.0/nios2eds/bin/gnu/h-x86_64-mingw32/bin/../lib/gcc/nios2-elf/5.3.0/../../../../../H-x86_64-mingw32/nios2-elf/lib\libc.a(lib_a-sbrkr.o)
 .data          0x0000000000034bd4        0x0 c:/intelfpga_lite/18.0/nios2eds/bin/gnu/h-x86_64-mingw32/bin/../lib/gcc/nios2-elf/5.3.0/../../../../../H-x86_64-mingw32/nios2-elf/lib\libc.a(lib_a-stdio.o)
 .data          0x0000000000034bd4        0x0 c:/intelfpga_lite/18.0/nios2eds/bin/gnu/h-x86_64-mingw32/bin/../lib/gcc/nios2-elf/5.3.0/../../../../../H-x86_64-mingw32/nios2-elf/lib\libc.a(lib_a-strlen.o)
 .data          0x0000000000034bd4        0x0 c:/intelfpga_lite/18.0/nios2eds/bin/gnu/h-x86_64-mingw32/bin/../lib/gcc/nios2-elf/5.3.0/../../../../../H-x86_64-mingw32/nios2-elf/lib\libc.a(lib_a-vfprintf.o)
 .data          0x0000000000034bd4        0x0 c:/intelfpga_lite/18.0/nios2eds/bin/gnu/h-x86_64-mingw32/bin/../lib/gcc/nios2-elf/5.3.0/../../../../../H-x86_64-mingw32/nios2-elf/lib\libc.a(lib_a-writer.o)
 .data          0x0000000000034bd4        0x0 c:/intelfpga_lite/18.0/nios2eds/bin/gnu/h-x86_64-mingw32/bin/../lib/gcc/nios2-elf/5.3.0/../../../../../H-x86_64-mingw32/nios2-elf/lib\libc.a(lib_a-wsetup.o)
 .data          0x0000000000034bd4        0x0 c:/intelfpga_lite/18.0/nios2eds/bin/gnu/h-x86_64-mingw32/bin/../lib/gcc/nios2-elf/5.3.0/../../../../../H-x86_64-mingw32/nios2-elf/lib\libc.a(closer.o)
 .data          0x0000000000034bd4        0x0 c:/intelfpga_lite/18.0/nios2eds/bin/gnu/h-x86_64-mingw32/bin/../lib/gcc/nios2-elf/5.3.0/../../../../../H-x86_64-mingw32/nios2-elf/lib\libc.a(lib_a-dtoa.o)
 .data          0x0000000000034bd4        0x0 c:/intelfpga_lite/18.0/nios2eds/bin/gnu/h-x86_64-mingw32/bin/../lib/gcc/nios2-elf/5.3.0/../../../../../H-x86_64-mingw32/nios2-elf/lib\libc.a(lib_a-fflush.o)
 .data          0x0000000000034bd4        0x0 c:/intelfpga_lite/18.0/nios2eds/bin/gnu/h-x86_64-mingw32/bin/../lib/gcc/nios2-elf/5.3.0/../../../../../H-x86_64-mingw32/nios2-elf/lib\libc.a(lib_a-findfp.o)
 .data          0x0000000000034bd4        0x0 c:/intelfpga_lite/18.0/nios2eds/bin/gnu/h-x86_64-mingw32/bin/../lib/gcc/nios2-elf/5.3.0/../../../../../H-x86_64-mingw32/nios2-elf/lib\libc.a(lib_a-flags.o)
 .data          0x0000000000034bd4        0x0 c:/intelfpga_lite/18.0/nios2eds/bin/gnu/h-x86_64-mingw32/bin/../lib/gcc/nios2-elf/5.3.0/../../../../../H-x86_64-mingw32/nios2-elf/lib\libc.a(lib_a-freer.o)
 .data          0x0000000000034bd4        0x0 c:/intelfpga_lite/18.0/nios2eds/bin/gnu/h-x86_64-mingw32/bin/../lib/gcc/nios2-elf/5.3.0/../../../../../H-x86_64-mingw32/nios2-elf/lib\libc.a(lib_a-fvwrite.o)
 .data          0x0000000000034bd4        0x0 c:/intelfpga_lite/18.0/nios2eds/bin/gnu/h-x86_64-mingw32/bin/../lib/gcc/nios2-elf/5.3.0/../../../../../H-x86_64-mingw32/nios2-elf/lib\libc.a(lib_a-fwalk.o)
 .data          0x0000000000034bd4        0x0 c:/intelfpga_lite/18.0/nios2eds/bin/gnu/h-x86_64-mingw32/bin/../lib/gcc/nios2-elf/5.3.0/../../../../../H-x86_64-mingw32/nios2-elf/lib\libc.a(lib_a-isattyr.o)
 .data          0x0000000000034bd4        0x0 c:/intelfpga_lite/18.0/nios2eds/bin/gnu/h-x86_64-mingw32/bin/../lib/gcc/nios2-elf/5.3.0/../../../../../H-x86_64-mingw32/nios2-elf/lib\libc.a(lib_a-locale.o)
 .data.lc_message_charset
                0x0000000000034bd4       0x20 c:/intelfpga_lite/18.0/nios2eds/bin/gnu/h-x86_64-mingw32/bin/../lib/gcc/nios2-elf/5.3.0/../../../../../H-x86_64-mingw32/nios2-elf/lib\libc.a(lib_a-locale.o)
 .data.lc_ctype_charset
                0x0000000000034bf4       0x20 c:/intelfpga_lite/18.0/nios2eds/bin/gnu/h-x86_64-mingw32/bin/../lib/gcc/nios2-elf/5.3.0/../../../../../H-x86_64-mingw32/nios2-elf/lib\libc.a(lib_a-locale.o)
 .data.lconv    0x0000000000034c14       0x38 c:/intelfpga_lite/18.0/nios2eds/bin/gnu/h-x86_64-mingw32/bin/../lib/gcc/nios2-elf/5.3.0/../../../../../H-x86_64-mingw32/nios2-elf/lib\libc.a(lib_a-locale.o)
 .data          0x0000000000034c4c        0x0 c:/intelfpga_lite/18.0/nios2eds/bin/gnu/h-x86_64-mingw32/bin/../lib/gcc/nios2-elf/5.3.0/../../../../../H-x86_64-mingw32/nios2-elf/lib\libc.a(lib_a-lseekr.o)
 .data          0x0000000000034c4c        0x0 c:/intelfpga_lite/18.0/nios2eds/bin/gnu/h-x86_64-mingw32/bin/../lib/gcc/nios2-elf/5.3.0/../../../../../H-x86_64-mingw32/nios2-elf/lib\libc.a(lib_a-memchr.o)
 .data          0x0000000000034c4c        0x0 c:/intelfpga_lite/18.0/nios2eds/bin/gnu/h-x86_64-mingw32/bin/../lib/gcc/nios2-elf/5.3.0/../../../../../H-x86_64-mingw32/nios2-elf/lib\libc.a(lib_a-memcpy.o)
 .data          0x0000000000034c4c        0x0 c:/intelfpga_lite/18.0/nios2eds/bin/gnu/h-x86_64-mingw32/bin/../lib/gcc/nios2-elf/5.3.0/../../../../../H-x86_64-mingw32/nios2-elf/lib\libc.a(lib_a-memmove.o)
 .data          0x0000000000034c4c        0x0 c:/intelfpga_lite/18.0/nios2eds/bin/gnu/h-x86_64-mingw32/bin/../lib/gcc/nios2-elf/5.3.0/../../../../../H-x86_64-mingw32/nios2-elf/lib\libc.a(lib_a-mprec.o)
 .data          0x0000000000034c4c        0x0 c:/intelfpga_lite/18.0/nios2eds/bin/gnu/h-x86_64-mingw32/bin/../lib/gcc/nios2-elf/5.3.0/../../../../../H-x86_64-mingw32/nios2-elf/lib\libc.a(lib_a-putc.o)
 .data          0x0000000000034c4c        0x0 c:/intelfpga_lite/18.0/nios2eds/bin/gnu/h-x86_64-mingw32/bin/../lib/gcc/nios2-elf/5.3.0/../../../../../H-x86_64-mingw32/nios2-elf/lib\libc.a(lib_a-readr.o)
 .data          0x0000000000034c4c        0x0 c:/intelfpga_lite/18.0/nios2eds/bin/gnu/h-x86_64-mingw32/bin/../lib/gcc/nios2-elf/5.3.0/../../../../../H-x86_64-mingw32/nios2-elf/lib\libc.a(lib_a-reallocr.o)
 .data          0x0000000000034c4c        0x0 c:/intelfpga_lite/18.0/nios2eds/bin/gnu/h-x86_64-mingw32/bin/../lib/gcc/nios2-elf/5.3.0/../../../../../H-x86_64-mingw32/nios2-elf/lib\libc.a(lib_a-s_fpclassify.o)
 .data          0x0000000000034c4c        0x0 c:/intelfpga_lite/18.0/nios2eds/bin/gnu/h-x86_64-mingw32/bin/../lib/gcc/nios2-elf/5.3.0/../../../../../H-x86_64-mingw32/nios2-elf/lib\libc.a(lib_a-strcmp.o)
 .data          0x0000000000034c4c        0x0 c:/intelfpga_lite/18.0/nios2eds/bin/gnu/h-x86_64-mingw32/bin/../lib/gcc/nios2-elf/5.3.0/../../../../../H-x86_64-mingw32/nios2-elf/lib\libc.a(lib_a-vfiprintf.o)
 .data          0x0000000000034c4c        0x0 c:/intelfpga_lite/18.0/nios2eds/bin/gnu/h-x86_64-mingw32/bin/../lib/gcc/nios2-elf/5.3.0/../../../../../H-x86_64-mingw32/nios2-elf/lib\libc.a(lib_a-wbuf.o)
 .data          0x0000000000034c4c        0x0 c:/intelfpga_lite/18.0/nios2eds/bin/gnu/h-x86_64-mingw32/bin/../lib/gcc/nios2-elf/5.3.0/../../../../../H-x86_64-mingw32/nios2-elf/lib\libc.a(lib_a-callocr.o)
 .data          0x0000000000034c4c        0x0 c:/intelfpga_lite/18.0/nios2eds/bin/gnu/h-x86_64-mingw32/bin/../lib/gcc/nios2-elf/5.3.0/../../../../../H-x86_64-mingw32/nios2-elf/lib\libc.a(lib_a-fclose.o)
 .data          0x0000000000034c4c        0x0 c:/intelfpga_lite/18.0/nios2eds/bin/gnu/h-x86_64-mingw32/bin/../lib/gcc/nios2-elf/5.3.0/../../../../../H-x86_64-mingw32/nios2-elf/lib\libc.a(lib_a-fputwc.o)
 .data          0x0000000000034c4c        0x0 c:/intelfpga_lite/18.0/nios2eds/bin/gnu/h-x86_64-mingw32/bin/../lib/gcc/nios2-elf/5.3.0/../../../../../H-x86_64-mingw32/nios2-elf/lib\libc.a(lib_a-wcrtomb.o)
 .data          0x0000000000034c4c        0x0 c:/intelfpga_lite/18.0/nios2eds/bin/gnu/h-x86_64-mingw32/bin/../lib/gcc/nios2-elf/5.3.0/../../../../../H-x86_64-mingw32/nios2-elf/lib\libc.a(lib_a-wctomb_r.o)
 .data          0x0000000000034c4c        0x0 c:/intelfpga_lite/18.0/nios2eds/bin/gnu/h-x86_64-mingw32/bin/../lib/gcc/nios2-elf/5.3.0\libgcc.a(_udivdi3.o)
 .data          0x0000000000034c4c        0x0 c:/intelfpga_lite/18.0/nios2eds/bin/gnu/h-x86_64-mingw32/bin/../lib/gcc/nios2-elf/5.3.0\libgcc.a(_umoddi3.o)
 .data          0x0000000000034c4c        0x0 c:/intelfpga_lite/18.0/nios2eds/bin/gnu/h-x86_64-mingw32/bin/../lib/gcc/nios2-elf/5.3.0\libgcc.a(adddf3.o)
 .data          0x0000000000034c4c        0x0 c:/intelfpga_lite/18.0/nios2eds/bin/gnu/h-x86_64-mingw32/bin/../lib/gcc/nios2-elf/5.3.0\libgcc.a(divdf3.o)
 .data          0x0000000000034c4c        0x0 c:/intelfpga_lite/18.0/nios2eds/bin/gnu/h-x86_64-mingw32/bin/../lib/gcc/nios2-elf/5.3.0\libgcc.a(eqdf2.o)
 .data          0x0000000000034c4c        0x0 c:/intelfpga_lite/18.0/nios2eds/bin/gnu/h-x86_64-mingw32/bin/../lib/gcc/nios2-elf/5.3.0\libgcc.a(gedf2.o)
 .data          0x0000000000034c4c        0x0 c:/intelfpga_lite/18.0/nios2eds/bin/gnu/h-x86_64-mingw32/bin/../lib/gcc/nios2-elf/5.3.0\libgcc.a(ledf2.o)
 .data          0x0000000000034c4c        0x0 c:/intelfpga_lite/18.0/nios2eds/bin/gnu/h-x86_64-mingw32/bin/../lib/gcc/nios2-elf/5.3.0\libgcc.a(muldf3.o)
 .data          0x0000000000034c4c        0x0 c:/intelfpga_lite/18.0/nios2eds/bin/gnu/h-x86_64-mingw32/bin/../lib/gcc/nios2-elf/5.3.0\libgcc.a(subdf3.o)
 .data          0x0000000000034c4c        0x0 c:/intelfpga_lite/18.0/nios2eds/bin/gnu/h-x86_64-mingw32/bin/../lib/gcc/nios2-elf/5.3.0\libgcc.a(fixdfsi.o)
 .data          0x0000000000034c4c        0x0 c:/intelfpga_lite/18.0/nios2eds/bin/gnu/h-x86_64-mingw32/bin/../lib/gcc/nios2-elf/5.3.0\libgcc.a(floatsidf.o)
 .data          0x0000000000034c4c        0x0 c:/intelfpga_lite/18.0/nios2eds/bin/gnu/h-x86_64-mingw32/bin/../lib/gcc/nios2-elf/5.3.0\libgcc.a(floatunsidf.o)
 .data          0x0000000000034c4c        0x0 c:/intelfpga_lite/18.0/nios2eds/bin/gnu/h-x86_64-mingw32/bin/../lib/gcc/nios2-elf/5.3.0\libgcc.a(_clz.o)
 .data          0x0000000000034c4c        0x0 c:/intelfpga_lite/18.0/nios2eds/bin/gnu/h-x86_64-mingw32/bin/../lib/gcc/nios2-elf/5.3.0\libgcc.a(_clzsi2.o)
 .data          0x0000000000034c4c        0x0 ../mazerunner_bsp/\libhal_bsp.a(alt_close.o)
 .data          0x0000000000034c4c      0x1a8 ../mazerunner_bsp/\libhal_bsp.a(alt_dev.o)
                0x0000000000034c4c                alt_dev_null
                0x0000000000034c74                alt_fd_list
 .data          0x0000000000034df4        0x0 ../mazerunner_bsp/\libhal_bsp.a(alt_errno.o)
 .data          0x0000000000034df4        0x0 ../mazerunner_bsp/\libhal_bsp.a(alt_fcntl.o)
 .data          0x0000000000034df4        0x0 ../mazerunner_bsp/\libhal_bsp.a(alt_fstat.o)
 .data          0x0000000000034df4        0x0 ../mazerunner_bsp/\libhal_bsp.a(alt_isatty.o)
 .data          0x0000000000034df4        0x0 ../mazerunner_bsp/\libhal_bsp.a(alt_load.o)
 .data          0x0000000000034df4        0x0 ../mazerunner_bsp/\libhal_bsp.a(alt_lseek.o)
 .data          0x0000000000034df4        0x0 ../mazerunner_bsp/\libhal_bsp.a(alt_main.o)
 .data          0x0000000000034df4        0x0 ../mazerunner_bsp/\libhal_bsp.a(alt_malloc_lock.o)
 .data          0x0000000000034df4        0x0 ../mazerunner_bsp/\libhal_bsp.a(alt_open.o)
 .data          0x0000000000034df4        0x0 ../mazerunner_bsp/\libhal_bsp.a(alt_read.o)
 .data          0x0000000000034df4        0x0 ../mazerunner_bsp/\libhal_bsp.a(alt_release_fd.o)
 .data          0x0000000000034df4        0x0 ../mazerunner_bsp/\libhal_bsp.a(alt_sbrk.o)
 .data          0x0000000000034df4        0x0 ../mazerunner_bsp/\libhal_bsp.a(alt_tick.o)
 .data          0x0000000000034df4        0x0 ../mazerunner_bsp/\libhal_bsp.a(alt_usleep.o)
 .data          0x0000000000034df4        0x0 ../mazerunner_bsp/\libhal_bsp.a(alt_write.o)
 .data          0x0000000000034df4     0x1124 ../mazerunner_bsp/\libhal_bsp.a(alt_sys_init.o)
 .data          0x0000000000035f18        0x0 ../mazerunner_bsp/\libhal_bsp.a(altera_avalon_jtag_uart_fd.o)
 .data          0x0000000000035f18        0x0 ../mazerunner_bsp/\libhal_bsp.a(altera_avalon_jtag_uart_init.o)
 .data          0x0000000000035f18        0x0 ../mazerunner_bsp/\libhal_bsp.a(altera_avalon_jtag_uart_ioctl.o)
 .data          0x0000000000035f18        0x0 ../mazerunner_bsp/\libhal_bsp.a(altera_avalon_jtag_uart_read.o)
 .data          0x0000000000035f18        0x0 ../mazerunner_bsp/\libhal_bsp.a(altera_avalon_jtag_uart_write.o)
 .data          0x0000000000035f18        0x0 ../mazerunner_bsp/\libhal_bsp.a(altera_avalon_timer_sc.o)
 .data          0x0000000000035f18        0x0 ../mazerunner_bsp/\libhal_bsp.a(altera_avalon_uart_fd.o)
 .data          0x0000000000035f18        0x0 ../mazerunner_bsp/\libhal_bsp.a(altera_avalon_uart_init.o)
 .data          0x0000000000035f18        0x0 ../mazerunner_bsp/\libhal_bsp.a(altera_avalon_uart_read.o)
 .data          0x0000000000035f18        0x0 ../mazerunner_bsp/\libhal_bsp.a(altera_avalon_uart_write.o)
 .data          0x0000000000035f18        0x0 ../mazerunner_bsp/\libhal_bsp.a(alt_alarm_start.o)
 .data          0x0000000000035f18        0x0 ../mazerunner_bsp/\libhal_bsp.a(alt_busy_sleep.o)
 .data          0x0000000000035f18        0x0 ../mazerunner_bsp/\libhal_bsp.a(alt_dcache_flush_all.o)
 .data          0x0000000000035f18        0x0 ../mazerunner_bsp/\libhal_bsp.a(alt_dev_llist_insert.o)
 .data          0x0000000000035f18        0x0 ../mazerunner_bsp/\libhal_bsp.a(alt_do_ctors.o)
 .data          0x0000000000035f18        0x0 ../mazerunner_bsp/\libhal_bsp.a(alt_do_dtors.o)
 .data          0x0000000000035f18        0x0 ../mazerunner_bsp/\libhal_bsp.a(alt_find_dev.o)
 .data          0x0000000000035f18        0x0 ../mazerunner_bsp/\libhal_bsp.a(alt_find_file.o)
 .data          0x0000000000035f18        0x0 ../mazerunner_bsp/\libhal_bsp.a(alt_get_fd.o)
 .data          0x0000000000035f18        0x0 ../mazerunner_bsp/\libhal_bsp.a(alt_icache_flush_all.o)
 .data          0x0000000000035f18        0x0 ../mazerunner_bsp/\libhal_bsp.a(alt_iic.o)
 .data          0x0000000000035f18        0x0 ../mazerunner_bsp/\libhal_bsp.a(alt_iic_isr_register.o)
 .data          0x0000000000035f18        0x0 ../mazerunner_bsp/\libhal_bsp.a(alt_io_redirect.o)
 .data          0x0000000000035f18        0x0 ../mazerunner_bsp/\libhal_bsp.a(alt_irq_entry.o)
 .data          0x0000000000035f18        0x0 ../mazerunner_bsp/\libhal_bsp.a(alt_irq_handler.o)
 .data          0x0000000000035f18        0x0 ../mazerunner_bsp/\libhal_bsp.a(alt_irq_vars.o)
 .data          0x0000000000035f18        0x0 ../mazerunner_bsp/\libhal_bsp.a(altera_nios2_gen2_irq.o)
 .data          0x0000000000035f18        0x0 ../mazerunner_bsp/\libhal_bsp.a(alt_exception_entry.o)
 .data          0x0000000000035f18        0x0 ../mazerunner_bsp/\libhal_bsp.a(alt_icache_flush.o)
 .data          0x0000000000035f18        0x0 ../mazerunner_bsp/\libhal_bsp.a(alt_instruction_exception_entry.o)
 .data          0x0000000000035f18        0x0 c:/intelfpga_lite/18.0/nios2eds/bin/gnu/h-x86_64-mingw32/bin/../lib/gcc/nios2-elf/5.3.0/../../../../../H-x86_64-mingw32/nios2-elf/lib\libc.a(lib_a-atexit.o)
 .data          0x0000000000035f18        0x0 c:/intelfpga_lite/18.0/nios2eds/bin/gnu/h-x86_64-mingw32/bin/../lib/gcc/nios2-elf/5.3.0/../../../../../H-x86_64-mingw32/nios2-elf/lib\libc.a(lib_a-exit.o)
 .data          0x0000000000035f18        0x0 c:/intelfpga_lite/18.0/nios2eds/bin/gnu/h-x86_64-mingw32/bin/../lib/gcc/nios2-elf/5.3.0/../../../../../H-x86_64-mingw32/nios2-elf/lib\libc.a(lib_a-memcmp.o)
 .data          0x0000000000035f18        0x0 c:/intelfpga_lite/18.0/nios2eds/bin/gnu/h-x86_64-mingw32/bin/../lib/gcc/nios2-elf/5.3.0/../../../../../H-x86_64-mingw32/nios2-elf/lib\libc.a(lib_a-__atexit.o)
 .data          0x0000000000035f18        0x0 c:/intelfpga_lite/18.0/nios2eds/bin/gnu/h-x86_64-mingw32/bin/../lib/gcc/nios2-elf/5.3.0/../../../../../H-x86_64-mingw32/nios2-elf/lib\libc.a(lib_a-__call_atexit.o)
 .data          0x0000000000035f18        0x0 ../mazerunner_bsp/\libhal_bsp.a(alt_exit.o)
                0x000000000003df18                _gp = ABSOLUTE ((. + 0x8000))
                [!provide]                        PROVIDE (gp, _gp)
 *(.rwdata .rwdata.*)
 *(.sdata .sdata.* .gnu.linkonce.s.*)
 .sdata         0x0000000000035f18        0xb obj/default/auto_focus.o
                0x0000000000035f18                video_w
                0x0000000000035f1a                video_h
                0x0000000000035f1c                focus_width
                0x0000000000035f1e                focus_height
                0x0000000000035f20                focus_scal
                0x0000000000035f21                focus_scal_f
                0x0000000000035f22                focus_th
 *fill*         0x0000000000035f23        0x1 
 .sdata._global_impure_ptr